INICIO 2024-08 KRR
INICIO 2024-08 SVR
INICIO 2024-08 MLP
INICIO 2024-09 MLP
INICIO 2024-08 XGBoost
INICIO 2024-09 KRR
BUSCA 2024-08 XGBoost 12 192
BUSCA 2024-08 XGBoost 24 192
BUSCA 2024-08 XGBoost 36 192
BUSCA 2024-08 KRR 12 72
BUSCA 2024-09 KRR 12 72
BUSCA 2024-08 SVR 12 96
BUSCA 2024-08 XGBoost 48 192
BUSCA 2024-08 XGBoost 60 192
BUSCA 2024-08 KRR 24 72
BUSCA 2024-08 XGBoost 72 192
BUSCA 2024-09 KRR 24 72
BUSCA 2024-08 XGBoost 84 192
BUSCA 2024-08 MLP 12 72
BUSCA 2024-08 SVR 24 96
BUSCA 2024-08 XGBoost 96 192
BUSCA 2024-09 MLP 12 72
BUSCA 2024-08 KRR 36 72
BUSCA 2024-09 KRR 36 72
BUSCA 2024-08 XGBoost 108 192
BUSCA 2024-08 XGBoost 120 192
BUSCA 2024-08 SVR 36 96
BUSCA 2024-08 XGBoost 132 192
BUSCA 2024-08 XGBoost 144 192
BUSCA 2024-08 XGBoost 156 192
BUSCA 2024-08 KRR 48 72
BUSCA 2024-09 KRR 48 72
BUSCA 2024-08 MLP 24 72
BUSCA 2024-08 SVR 48 96
BUSCA 2024-08 XGBoost 168 192
BUSCA 2024-08 XGBoost 180 192
BUSCA 2024-09 MLP 24 72
BUSCA 2024-08 XGBoost 192 192
CONCLUIDO 2024-08 XGBoost {"rodada": "2024-08", "modelo": "XGBoost", "candidato": 51, "parametros": {"colsample_bytree": 1.0, "learning_rate": 0.022362002792007507, "max_depth": 2, "min_child_weight": 2, "n_estimators": 200, "reg_alpha": 0.0, "reg_lambda": 3.654824956670709, "subsample": 0.85}, "RMSE_validacao": 1.4627565081072762, "candidatos_validos": 192, "candidatos_total": 192, "semente_selecao": 42, "estabilidade": "reajuste_com_parametros_fixos_nao_reselecao", "artefatos": {"metricas_externas.csv": "17efbffb1eb95c1cef4a45d468a46ae25255c773aaa2d271d18439d2bca4c8dc", "diagnostico_seed_73.json": "5983737dd6f2028deb37b576b48f3e063daa17c199463b511b0c20eecd1e1333", "metricas_internas.csv": "e529fd8cfc96e753d19ab2d82daad3038c39516da81444fe4159f3d42628835f", "predicoes_teste.csv": "7f61b1bf2ac2c1fb0416e567ddea84dd8e65a3bce1170f3fcd8a25f3281759fe", "divisoes_dias.csv": "aca18dec7b7fbda967d3947b7203f2062ca998caae42989e3a256f0242e9ac8b", "diagnostico_seed_17.json": "5c6d3b437a47e888e0bc0410b9c29902650755fcbd296ce5b10981154c067886", "estabilidade_metricas.csv": "d460b130d103eeab4325feb51c74e7fd71f2ff4164aee7ef614e35c906a6cb0d", "diagnosticos.jsonl": "50256b57097147f6410d3b0699226514fa5eeb4dc4aab29037e2e1ad1472a9e0", "busca.csv": "df5df8bb960744301341b55d411d841d63093270caefeb073ec0383942755ce2", "modelo_seed_73.joblib": "2a789d7fa3bbff076c298014a1bf34a6084937533b32c391a3a5fef6e009a5b4", "diagnosticos_reajuste.json": "0d715177c1914a46a7e42fc1bd1eded050e6802b7d82d62a3d108529dba56720", "divisoes_resumo.csv": "10399d71f4459fa7021ed1d6c684683a962337edf72c080474a520d278e2d263", "predicoes_seed_17.csv": "242d412114947a25067aa35d8d07e001056fbf4f11c223530cf64447a8a7dafa", "modelo.joblib": "81a1472d7c591a785359bf9e01614debc24dac76fd2c8585dd1effb576f8dd60", "predicoes_seed_73.csv": "f7e92ed9f85758f950fd167709a323fea9f82964ac8aa5d2521551bc1bed7015", "modelo_seed_17.joblib": "6fb1d83b02d22a1d5217899c4d6a9ca89c4db4292129c0d816559e7de8678c47"}}
INICIO 2024-09 SVR
BUSCA 2024-09 KRR 60 72
BUSCA 2024-08 KRR 60 72
BUSCA 2024-08 SVR 60 96
BUSCA 2024-08 MLP 36 72
BUSCA 2024-09 SVR 12 96
BUSCA 2024-09 MLP 36 72
BUSCA 2024-09 KRR 72 72
BUSCA 2024-08 KRR 72 72
BUSCA 2024-08 SVR 72 96
CONCLUIDO 2024-09 KRR {"rodada": "2024-09", "modelo": "KRR", "candidato": 65, "parametros": {"alpha": 2.568386730418734, "coef0": 1.0, "degree": 3, "gamma": 0.05718030235668149, "kernel": "polynomial"}, "RMSE_validacao": 1.4362138578826709, "candidatos_validos": 72, "candidatos_total": 72, "semente_selecao": 42, "estabilidade": "deterministico", "artefatos": {"metricas_externas.csv": "8ab1e3744132255d2e6050c93faf819a9879e0861f0b98a172b9cf224e3fa852", "metricas_internas.csv": "f73bf0d195db6e6390c8215467663b9bb74855e0bd2eb2e5264e53e82ab7c606", "predicoes_teste.csv": "44792bf225e05c2c6c3d2b546965a3723d480f3f3120a8e57333ab4d61744706", "divisoes_dias.csv": "e71baf15f75684e993d8a24b3b897f487063c13fb199fdb72615cd086efa8340", "diagnosticos.jsonl": "b9b926b083ecbdca92f8e1773d128b477a6851514cf2035c33cd7e61dff8ec60", "busca.csv": "613123b73ccaf63e5c0c8ab4dbd394ab5b891b426c0975e8136da87725e82fa2", "diagnosticos_reajuste.json": "9d1855a607b3308f80927dbb15fa8fb31d8b62b6c1e8e22cbcbcc208e6e8265e", "divisoes_resumo.csv": "07a764f1f08a24fcb5aa20d694e3ac79d59c9fc31e3c047490a37aaba6556ed8", "modelo.joblib": "460d58605caa2c3631cc88dfac6b8e1790568c6dd94570102006cf789767a303"}}
CONCLUIDO 2024-08 KRR {"rodada": "2024-08", "modelo": "KRR", "candidato": 24, "parametros": {"alpha": 0.08489588055557637, "coef0": 1.0, "degree": 2, "gamma": 0.001749670105629664, "kernel": "polynomial"}, "RMSE_validacao": 1.4386205141923512, "candidatos_validos": 72, "candidatos_total": 72, "semente_selecao": 42, "estabilidade": "deterministico", "artefatos": {"metricas_externas.csv": "832d9a6da259239f24aba8155800de058f0925aa3cd668b55cba7fe1deac5780", "metricas_internas.csv": "fa7077a830505c433ecd6ec03a201e3e4ee250e00849a25a1497a6c355010ed5", "predicoes_teste.csv": "523a894d89708c81df53201dd779dc4f267f5eba652b4e65ee7d8b7ea724aea7", "divisoes_dias.csv": "aca18dec7b7fbda967d3947b7203f2062ca998caae42989e3a256f0242e9ac8b", "diagnosticos.jsonl": "4c21e3fd7c948f2b143470237a6913990c80e2e51ca827ed52b72e5a409f2898", "busca.csv": "fc747c22e03ab3e3125d45e7efb96059dca05643b11d2d45239efbf45155205b", "diagnosticos_reajuste.json": "7d31bf64aa72c3601586f48c5d21cd032620e93a3b4190401b8054816e37b257", "divisoes_resumo.csv": "10399d71f4459fa7021ed1d6c684683a962337edf72c080474a520d278e2d263", "modelo.joblib": "7a6973856a8034ca0cb6f9cee2aed78c158a8374382abaea4ef64947a52fe2a3"}}
INICIO 2024-09 XGBoost
INICIO 2024-10 KRR
BUSCA 2024-09 XGBoost 12 192
BUSCA 2024-09 XGBoost 24 192
BUSCA 2024-09 SVR 24 96
BUSCA 2024-10 KRR 12 72
BUSCA 2024-09 XGBoost 36 192
BUSCA 2024-08 SVR 84 96
BUSCA 2024-09 XGBoost 48 192
BUSCA 2024-09 XGBoost 60 192
BUSCA 2024-10 KRR 24 72
BUSCA 2024-09 SVR 36 96
BUSCA 2024-09 XGBoost 72 192
BUSCA 2024-09 XGBoost 84 192
BUSCA 2024-08 SVR 96 96
BUSCA 2024-09 XGBoost 96 192
CONCLUIDO 2024-08 SVR {"rodada": "2024-08", "modelo": "SVR", "candidato": 65, "parametros": {"C": 49.81272247471685, "epsilon": 0.7128368818976306, "gamma": 0.0023668768020487416, "kernel": "rbf"}, "RMSE_validacao": 1.4327595886932076, "candidatos_validos": 96, "candidatos_total": 96, "semente_selecao": 42, "estabilidade": "deterministico", "artefatos": {"metricas_externas.csv": "fe02ab4d5c636dabe1a881ba772f56cfe9a30833d71acb875d68726635638efd", "metricas_internas.csv": "efe17bbb6787299d12f0194a499d8ee70ec18a9a8397dc25add1c24223fced51", "predicoes_teste.csv": "56ad3d8c53e612593222b009c44e0081d2fd59c967b2b072afbfa23431cf7a23", "divisoes_dias.csv": "aca18dec7b7fbda967d3947b7203f2062ca998caae42989e3a256f0242e9ac8b", "diagnosticos.jsonl": "02b38e46966d3e2220639c00b879c72c88a61d6abe7461d3ddee2373182ffaa3", "busca.csv": "732d519973a7adbc378f4109b3a1e3a230354c9e9fbd2830235210d29cfd853a", "diagnosticos_reajuste.json": "046d5896768eaedbfb1b139e17444ed479d75070da7661a4c86f8ec6ae15ad38", "divisoes_resumo.csv": "10399d71f4459fa7021ed1d6c684683a962337edf72c080474a520d278e2d263", "modelo.joblib": "92198c22309d724c3cb873a80b204a1dcca12032cd3291210513926976163b17"}}
INICIO 2024-10 MLP
BUSCA 2024-10 KRR 36 72
BUSCA 2024-09 SVR 48 96
BUSCA 2024-09 XGBoost 108 192
BUSCA 2024-08 MLP 48 72
BUSCA 2024-09 XGBoost 120 192
BUSCA 2024-09 XGBoost 132 192
BUSCA 2024-09 MLP 48 72
BUSCA 2024-09 SVR 60 96
BUSCA 2024-09 XGBoost 144 192
BUSCA 2024-10 KRR 48 72
BUSCA 2024-09 XGBoost 156 192
BUSCA 2024-09 XGBoost 168 192
BUSCA 2024-09 SVR 72 96
BUSCA 2024-10 KRR 60 72
BUSCA 2024-09 XGBoost 180 192
BUSCA 2024-10 MLP 12 72
BUSCA 2024-09 XGBoost 192 192
CONCLUIDO 2024-09 XGBoost {"rodada": "2024-09", "modelo": "XGBoost", "candidato": 160, "parametros": {"colsample_bytree": 0.7, "learning_rate": 0.020388812263088984, "max_depth": 2, "min_child_weight": 8, "n_estimators": 400, "reg_alpha": 0.01, "reg_lambda": 3.062733673011031, "subsample": 0.7}, "RMSE_validacao": 1.4478652582911777, "candidatos_validos": 192, "candidatos_total": 192, "semente_selecao": 42, "estabilidade": "reajuste_com_parametros_fixos_nao_reselecao", "artefatos": {"metricas_externas.csv": "c2fc5b81ecbe5f8f2dbcc6a189959733cb4cc7c779d36d7b33edabecaedab2ca", "diagnostico_seed_73.json": "d14db9ef61fe5bf1e1c436655a690fecffaae0399f1cb42ba084a7136988ae1f", "metricas_internas.csv": "7a4aeab1ed999d3fbb4279f3c591235f738f86f3915917bcdeb33608e9c5ae53", "predicoes_teste.csv": "cc95d06ba47c6b6b02f7ea69d566d23bdcd33652537abac7506c06937a255048", "divisoes_dias.csv": "e71baf15f75684e993d8a24b3b897f487063c13fb199fdb72615cd086efa8340", "diagnostico_seed_17.json": "391b11bc20b6ed6d30bbd91d68055c338be25701b22ac2e4fd98d26ae6991ab1", "estabilidade_metricas.csv": "2e29134737dcb6a9804fd3ffc9b4d0fb61b460ade3bd606c6ed2a82cd22fc0a9", "diagnosticos.jsonl": "34fda62550927def8d740bff103af547c4623ef937c6fc5106730587ea646ed1", "busca.csv": "4dca5ab1381e78d1598f1e1fc1df21bb93edbb91c2919e291c51828d93f29f98", "modelo_seed_73.joblib": "18b26d23f2f993b4fe03abc9ac408712a0a241f435212e7285983dc421bf3454", "diagnosticos_reajuste.json": "8349a8f93cacaff718f121f7c31665636109ec620c251d29768cdb68b4bbc0b7", "divisoes_resumo.csv": "07a764f1f08a24fcb5aa20d694e3ac79d59c9fc31e3c047490a37aaba6556ed8", "predicoes_seed_17.csv": "2cd0a781cbea29dbd45b6080aec44214f03e8a99d29770bc1f874b5bd0e8343f", "modelo.joblib": "31bbaea24da59b42f5eb5225dcebcaf3e208e547ffb14f7ee5556215b28442c9", "predicoes_seed_73.csv": "54dd7970bbd9078524657c885c88efe1b98c847eacc51f38c2304935cc7c958b", "modelo_seed_17.joblib": "424cd847e1b411d8d52679d9711ab64c0ba12035ac5dc7fb27dfcf9edaa72a52"}}
INICIO 2024-10 SVR
BUSCA 2024-09 SVR 84 96
BUSCA 2024-08 MLP 60 72
BUSCA 2024-10 KRR 72 72
CONCLUIDO 2024-10 KRR {"rodada": "2024-10", "modelo": "KRR", "candidato": 65, "parametros": {"alpha": 2.568386730418734, "coef0": 1.0, "degree": 3, "gamma": 0.05718030235668149, "kernel": "polynomial"}, "RMSE_validacao": 1.505118484320464, "candidatos_validos": 72, "candidatos_total": 72, "semente_selecao": 42, "estabilidade": "deterministico", "artefatos": {"metricas_externas.csv": "c99ab2dee3bea550f5fe219d854231c98d59fe2fb2ee211e04871c5c92d324f1", "metricas_internas.csv": "a20df0a6b35b38046b727b1e801b563be70f9df8b7e881d135a4e95171f8d342", "predicoes_teste.csv": "b10aecc7cd53add2d5b7d481b1339c619eaeb4e8a898159ecc1c064e8c6e1b0c", "divisoes_dias.csv": "9aa220f0e1bce1b50bcd5d50471435fd79ced866b25f0d684547fd516c76bcff", "diagnosticos.jsonl": "993e07c91f8e86c36e1a929c254cdfd76dbbbc080772cedefa00eab8ea08fca7", "busca.csv": "ce70f2e689d69270bf3734089058f65ddf8ae4d4b464d76539735040a2e258eb", "diagnosticos_reajuste.json": "70c5a86ce90b9e022b7b8b89cdd4d1e726783c49055a6e320324284cd9a6013e", "divisoes_resumo.csv": "8c94e489388e1fdfcb8022df5cf63106965bab7d6040cc9447eff166d8178572", "modelo.joblib": "ecf41c5c0426bb806ac72eaf0fad1e2dc9deb71ac8bfe553cd342200eae9bdf3"}}
BUSCA 2024-10 SVR 12 96
INICIO 2024-10 XGBoost
BUSCA 2024-09 MLP 60 72
BUSCA 2024-10 XGBoost 12 192
BUSCA 2024-10 XGBoost 24 192
BUSCA 2024-09 SVR 96 96
CONCLUIDO 2024-09 SVR {"rodada": "2024-09", "modelo": "SVR", "candidato": 65, "parametros": {"C": 49.81272247471685, "epsilon": 0.7128368818976306, "gamma": 0.0023668768020487416, "kernel": "rbf"}, "RMSE_validacao": 1.4284116209004487, "candidatos_validos": 96, "candidatos_total": 96, "semente_selecao": 42, "estabilidade": "deterministico", "artefatos": {"metricas_externas.csv": "9a7072b09655b11ad8b7ddc0a29ea41fe554bfd6e96fbc1cdc19d0fb803cc038", "metricas_internas.csv": "6a0118d0af76493d7b92d6f9e96318c9c2b6a68e3f683f50d35a20894f70d764", "predicoes_teste.csv": "eae55f8ddd2d984dcec8188829cdb1174eeb26fa099e24f71e4677ec79c6ad46", "divisoes_dias.csv": "e71baf15f75684e993d8a24b3b897f487063c13fb199fdb72615cd086efa8340", "diagnosticos.jsonl": "302521a0d7dde959bedacbe4e5074eedeb8e7c4cd53a09354164f3085c7b5165", "busca.csv": "5d0513df1bd98ca1b26edaf41c616db47d2414946f716dd14604d61389153912", "diagnosticos_reajuste.json": "fe3a0101dfb9a750bb8c56c5974bbdf31835f205e49257b1fc944d8ee0cef8e3", "divisoes_resumo.csv": "07a764f1f08a24fcb5aa20d694e3ac79d59c9fc31e3c047490a37aaba6556ed8", "modelo.joblib": "7c494f1533bfbd064e33d1d63b0f57bbb5ec02dd3cbfbd26f7451fece6dc2dd3"}}
INICIO 2024-11 KRR
BUSCA 2024-10 XGBoost 36 192
BUSCA 2024-10 SVR 24 96
BUSCA 2024-10 XGBoost 48 192
BUSCA 2024-10 MLP 24 72
BUSCA 2024-10 XGBoost 60 192
BUSCA 2024-11 KRR 12 72
BUSCA 2024-10 XGBoost 72 192
BUSCA 2024-10 SVR 36 96
BUSCA 2024-10 XGBoost 84 192
BUSCA 2024-10 XGBoost 96 192
BUSCA 2024-11 KRR 24 72
BUSCA 2024-08 MLP 72 72
BUSCA 2024-10 XGBoost 108 192
CONCLUIDO 2024-08 MLP {"rodada": "2024-08", "modelo": "MLP", "candidato": 29, "parametros": {"activation": "tanh", "alpha": 0.45851061452643416, "batch_size": 64, "hidden_layer_sizes": [50], "learning_rate_init": 0.00862520984522825}, "RMSE_validacao": 1.430280387855407, "candidatos_validos": 72, "candidatos_total": 72, "semente_selecao": 42, "estabilidade": "reajuste_com_parametros_fixos_nao_reselecao", "artefatos": {"metricas_externas.csv": "94dc2876d34341234c424dc5a8fd8d43bd973282e4980f51006c924928ea8552", "diagnostico_seed_73.json": "1362698aad7bbfa6b226d059893204e7823abedc354037819fe66170485cf6a3", "metricas_internas.csv": "eaa2dce877d67e3ac42b7ea4d886a0a71fbf0323e679327f6ead0523dedcc130", "predicoes_teste.csv": "7c5e22a4adf60e69ffe7d59204eb09f73999c4c87f7ada37bf1014dc79ca7d12", "divisoes_dias.csv": "aca18dec7b7fbda967d3947b7203f2062ca998caae42989e3a256f0242e9ac8b", "diagnostico_seed_17.json": "edf7b789c77119d11a20e8832ab7a347f1a43239043cb0ec096e19dbd158047a", "estabilidade_metricas.csv": "d8b14157b5f0a2f3de80a51644aa77863e342403ef46f71f33e9815844893836", "diagnosticos.jsonl": "53198dc36ad3b75c33484eab6b9deb86921e09a75bb43aecc6921c9e8b2badbf", "busca.csv": "df500d8f65d275dfa1a565848d57996999bb7d514c12dbbc9a4a0ab82576b8c6", "modelo_seed_73.joblib": "be03163230df53311841527e0927bafcb595bfa7cad352384af3fc282d8dc4d2", "diagnosticos_reajuste.json": "0c523916d53c0ede39a7e24fa64db9c86c3845ee69dfdaeb780cb3477e8db8a8", "divisoes_resumo.csv": "10399d71f4459fa7021ed1d6c684683a962337edf72c080474a520d278e2d263", "predicoes_seed_17.csv": "9836f5f2f71a6890a93071bd792f01a816691677e771f9a4037f1f8596d50363", "modelo.joblib": "bcfd205b371caaa01e98abd6f286b22b7d995e73bfbdfc447b71681dae591b53", "predicoes_seed_73.csv": "2f92c2affb081ed6b174a5ee34f9e752685dc6cc785647084b070f6d90e5a191", "modelo_seed_17.joblib": "7dfe055fd3a0f11c0d4ffd3893aedf2564a370c67014554519c51c1043d83f5b"}}
INICIO 2024-11 MLP
BUSCA 2024-09 MLP 72 72
BUSCA 2024-10 SVR 48 96
BUSCA 2024-10 MLP 36 72
BUSCA 2024-10 XGBoost 120 192
CONCLUIDO 2024-09 MLP {"rodada": "2024-09", "modelo": "MLP", "candidato": 35, "parametros": {"activation": "tanh", "alpha": 0.0004093812986536675, "batch_size": "auto", "hidden_layer_sizes": [50, 25], "learning_rate_init": 0.001110856384931823}, "RMSE_validacao": 1.4237292235503547, "candidatos_validos": 72, "candidatos_total": 72, "semente_selecao": 42, "estabilidade": "reajuste_com_parametros_fixos_nao_reselecao", "artefatos": {"metricas_externas.csv": "81a807b95c471a4ea0d0e65a98809b0e79504f9a3f4215cf3bbd9a95517b3a0f", "diagnostico_seed_73.json": "041832126a86a33bbc8d5aa627afbfec644c8812f5e0f0d706a4ec36952bbe24", "metricas_internas.csv": "06007fd2e1a60ac567797d4d6793b6f2ce3fb42baf8f062368c45de676b369c7", "predicoes_teste.csv": "e5e75ed61e2a879522da18ac30b9fc4760844dfada75c26c06ef57d39d009d4e", "divisoes_dias.csv": "e71baf15f75684e993d8a24b3b897f487063c13fb199fdb72615cd086efa8340", "diagnostico_seed_17.json": "72ecf5be4af491f3c943902267168caf7bd974405bdb07607f1ba74e461c0092", "estabilidade_metricas.csv": "1db90930d5f80eaff7eba2461c92abe46f502df3492ae9cfba25e20fd44b05db", "diagnosticos.jsonl": "ca86efa33cf38ca88739b7dd2b1cffdc7c0df7faadf3c70925aac8c4ff0b6f60", "busca.csv": "d2e0e85bd4e66b6a8f9ad2ef490b52fd4cd94db9cdc42432dedadfb41dde7700", "modelo_seed_73.joblib": "900531ad47271806c2a2cda7673b9a7cedf05f104f530c44b6300a5aad01e992", "diagnosticos_reajuste.json": "1e4c7f11a108cc0821ea65866aba97cd19927f34faf621b6bf071bfc036b2ed0", "divisoes_resumo.csv": "07a764f1f08a24fcb5aa20d694e3ac79d59c9fc31e3c047490a37aaba6556ed8", "predicoes_seed_17.csv": "b209bff61fd7a861fad663378a9d5ddea0abf1d0e436b3c6aa7b18e27b9be9e9", "modelo.joblib": "20e2fc072a03784d301023b1c27ed5a1ed3274eda330b000f0d4b75463fd2744", "predicoes_seed_73.csv": "1433fb09159a52b8d6e9a3b62fb82116af3097627361987da0369c873091608b", "modelo_seed_17.joblib": "e2a33cd807cf861937386ac9f577d154ebc803fa6638327bd6cd1f7dd06f5d49"}}
INICIO 2024-11 SVR
BUSCA 2024-11 KRR 36 72
BUSCA 2024-10 XGBoost 132 192
BUSCA 2024-10 XGBoost 144 192
BUSCA 2024-10 SVR 60 96
BUSCA 2024-10 XGBoost 156 192
BUSCA 2024-11 SVR 12 96
BUSCA 2024-10 XGBoost 168 192
BUSCA 2024-11 KRR 48 72
BUSCA 2024-10 SVR 72 96
BUSCA 2024-10 XGBoost 180 192
BUSCA 2024-10 XGBoost 192 192
CONCLUIDO 2024-10 XGBoost {"rodada": "2024-10", "modelo": "XGBoost", "candidato": 121, "parametros": {"colsample_bytree": 0.7, "learning_rate": 0.035293888247001144, "max_depth": 2, "min_child_weight": 8, "n_estimators": 200, "reg_alpha": 1.0, "reg_lambda": 0.03857267951713784, "subsample": 0.7}, "RMSE_validacao": 1.5475723992223598, "candidatos_validos": 192, "candidatos_total": 192, "semente_selecao": 42, "estabilidade": "reajuste_com_parametros_fixos_nao_reselecao", "artefatos": {"metricas_externas.csv": "13f462ef69c81b000c115d397a41142ac94153595bda0820ef4449a3f62e0d87", "diagnostico_seed_73.json": "54237e56e8006e52488d1cef0253f0612055d25a50659ff9f30e27cd17eeaf21", "metricas_internas.csv": "237f62ba3363ae1399f7f0f3bd2dbdf6e9b73d801641b0e4db3a3c6a3c883518", "predicoes_teste.csv": "7f9a0c8db232f13f019f43d581eb58872624ca058de47c0434db91e9a3947859", "divisoes_dias.csv": "9aa220f0e1bce1b50bcd5d50471435fd79ced866b25f0d684547fd516c76bcff", "diagnostico_seed_17.json": "7043234a2537d19cc6fd342686bb52e8fed57da85ced20acb20dae1e38282642", "estabilidade_metricas.csv": "9bf70c58c86740554eae196624a2f319c1045f70cb9c0d28dff5ac3aa05b5f57", "diagnosticos.jsonl": "acdcaae005d369093078fbc13e790e010d9b2d42e35024b85e2a8a40e1da4476", "busca.csv": "b00e8a487eae68b08927da9aef2b103ec3ec7a01489ff5a910cf0eb41a27eb00", "modelo_seed_73.joblib": "f3b31c8a03ecbfb7074bb2d7693c3da333a0cb44517ad7f05bbe51a2663cf1c8", "diagnosticos_reajuste.json": "e49a0eae7e44cd445a31fa2d9a7138f285103d7c2fa590e5cfbefd3543fddf4e", "divisoes_resumo.csv": "8c94e489388e1fdfcb8022df5cf63106965bab7d6040cc9447eff166d8178572", "predicoes_seed_17.csv": "f6b874d2600d4d19449f9196c1a4cdcf6f0e683c20651880cc02c058fc279d4c", "modelo.joblib": "8844f973e1e49c06909ee16ee4cf2862d099a12d0dd04ecaa664cbfb5445abec", "predicoes_seed_73.csv": "91e068be09bab8eeb67f599c2121b9360779a1a1806785fb2ab61f90d8fe89ad", "modelo_seed_17.joblib": "472f8b2384f11969af9e314a8dfd10a6c2b82f39dac4ae3077253ffbf88ff423"}}
BUSCA 2024-11 MLP 12 72
INICIO 2024-11 XGBoost
BUSCA 2024-11 SVR 24 96
BUSCA 2024-11 XGBoost 12 192
BUSCA 2024-10 SVR 84 96
BUSCA 2024-11 KRR 60 72
BUSCA 2024-11 XGBoost 24 192
BUSCA 2024-11 XGBoost 36 192
BUSCA 2024-11 SVR 36 96
BUSCA 2024-11 XGBoost 48 192
BUSCA 2024-11 XGBoost 60 192
BUSCA 2024-11 KRR 72 72
BUSCA 2024-10 SVR 96 96
CONCLUIDO 2024-10 SVR {"rodada": "2024-10", "modelo": "SVR", "candidato": 32, "parametros": {"C": 34.82675727581821, "epsilon": 0.6973941757037488, "gamma": 0.015062483652633225, "kernel": "rbf"}, "RMSE_validacao": 1.4877998817874067, "candidatos_validos": 96, "candidatos_total": 96, "semente_selecao": 42, "estabilidade": "deterministico", "artefatos": {"metricas_externas.csv": "e8bdce254ddc12a828a07507f9d20e16704f4f1adcd2c9da32ff8763611f412d", "metricas_internas.csv": "85d6af0637d1ce25b453c475f3dda59dcbd4e3334fd85a55c7aa8cea9f38fccf", "predicoes_teste.csv": "81c2433393a03f883f282b47b10cfe2c254e39c3dfa8073b96678bf3c90c416f", "divisoes_dias.csv": "9aa220f0e1bce1b50bcd5d50471435fd79ced866b25f0d684547fd516c76bcff", "diagnosticos.jsonl": "3a2d1711901e2639f28fc14dc801927385445c4a5d2db3c011d9850cbd101d21", "busca.csv": "697a89ead3b2518ef77546e8dddb586a325c9028f61d334ffa985de2ed61a220", "diagnosticos_reajuste.json": "33f1fdac79357dec2794b5d1a242eb48fa2bbb6d0982be6b30ff7383ad128493", "divisoes_resumo.csv": "8c94e489388e1fdfcb8022df5cf63106965bab7d6040cc9447eff166d8178572", "modelo.joblib": "a6a83755354383d0d5a39e661fd06fc011ff10b1324e081b15dc782cb06726ab"}}
INICIO 2024-12 KRR
CONCLUIDO 2024-11 KRR {"rodada": "2024-11", "modelo": "KRR", "candidato": 65, "parametros": {"alpha": 2.568386730418734, "coef0": 1.0, "degree": 3, "gamma": 0.05718030235668149, "kernel": "polynomial"}, "RMSE_validacao": 1.4600929217415313, "candidatos_validos": 72, "candidatos_total": 72, "semente_selecao": 42, "estabilidade": "deterministico", "artefatos": {"metricas_externas.csv": "83fc8f8d13f79e48b75ab75ad5126182d8e5522c3919ed7217a1a53901054521", "metricas_internas.csv": "ed11c146244352e14ba3f2745904cdb88a00c0c6c60862db66534868ef98a200", "predicoes_teste.csv": "dd5dd83031d3933dbf74a85636b33e2bccef5d64c50be63a1d6cc5b495e04f39", "divisoes_dias.csv": "259f60a65b7ce0e9e7d0602044aeb6aebc7fd79d216bd297138488a73410d56a", "diagnosticos.jsonl": "4c42ec123c7ebf272916b7b348cc2a73b10cfa67aad8b8fdca17e61734a38a4c", "busca.csv": "3ccf695f1b20cc2b0bc7f0e6194a6a97db469f04387a93bacc349d54afc86cfd", "diagnosticos_reajuste.json": "6884a5678ccf4ccbf43c543be418dfa4356be8270ed8c209f0252698474e27aa", "divisoes_resumo.csv": "5a95fe7daf2196f24d4811a4db1fafe30f575fdd1e7872ae374351ca17a64af8", "modelo.joblib": "826af8af0397231dea85f9e7b9bbe7114cb90341c7d0fd207f75ff6e41386e84"}}
BUSCA 2024-11 XGBoost 72 192
INICIO 2024-12 MLP
BUSCA 2024-10 MLP 48 72
BUSCA 2024-11 XGBoost 84 192
BUSCA 2024-11 SVR 48 96
BUSCA 2024-11 MLP 24 72
BUSCA 2024-11 XGBoost 96 192
BUSCA 2024-12 KRR 12 72
BUSCA 2024-11 XGBoost 108 192
BUSCA 2024-11 SVR 60 96
BUSCA 2024-11 XGBoost 120 192
BUSCA 2024-12 KRR 24 72
BUSCA 2024-11 XGBoost 132 192
BUSCA 2024-11 XGBoost 144 192
BUSCA 2024-11 MLP 36 72
BUSCA 2024-11 SVR 72 96
BUSCA 2024-11 XGBoost 156 192
BUSCA 2024-12 MLP 12 72
BUSCA 2024-12 KRR 36 72
BUSCA 2024-11 XGBoost 168 192
BUSCA 2024-10 MLP 60 72
BUSCA 2024-11 XGBoost 180 192
BUSCA 2024-11 SVR 84 96
BUSCA 2024-11 XGBoost 192 192
CONCLUIDO 2024-11 XGBoost {"rodada": "2024-11", "modelo": "XGBoost", "candidato": 84, "parametros": {"colsample_bytree": 0.7, "learning_rate": 0.09471118348318784, "max_depth": 1, "min_child_weight": 8, "n_estimators": 100, "reg_alpha": 0.1, "reg_lambda": 0.01994458597098313, "subsample": 0.7}, "RMSE_validacao": 1.5069600583169924, "candidatos_validos": 192, "candidatos_total": 192, "semente_selecao": 42, "estabilidade": "reajuste_com_parametros_fixos_nao_reselecao", "artefatos": {"metricas_externas.csv": "6a563e42eac1acee2fef5a27495f89f867a0668af60d6084d71613a4fc848fdc", "diagnostico_seed_73.json": "96bd55a2f5e76b2a324fada6ad569bd3406aa63206d281df68ff6f6b00159290", "metricas_internas.csv": "6f0759bdc240e76746563022d0966f540b791f4f3f7a24c4e8fc0f76aadcf029", "predicoes_teste.csv": "0adcffdba1e058aaf04f031cee9a365918efd003c2f583d4168f49e317f14d33", "divisoes_dias.csv": "259f60a65b7ce0e9e7d0602044aeb6aebc7fd79d216bd297138488a73410d56a", "diagnostico_seed_17.json": "c175a53897b75a48352ee108a59368370d01939e51a4a2846715830528b5b761", "estabilidade_metricas.csv": "880d372410e7465a79c7cfbaf9a6cfd2ac1bbbe18a959abf85af8009484d4be5", "diagnosticos.jsonl": "4aeb9e4a477976a1a7edd65c559533b8ee6d9cbcbe08f189788abf42f6d543d6", "busca.csv": "dd6274768efbb6570da8d10f7f9e75818b93e920b1cec74f8b53b375fe99826b", "modelo_seed_73.joblib": "6e4130ee5de5430fb3a7ce13b01a3be8b828012602ee3e5b52c45aeb529d6cd7", "diagnosticos_reajuste.json": "ee7564b1d52d14483b11c48a81451e3121a0281a36d85e4da27a113185684835", "divisoes_resumo.csv": "5a95fe7daf2196f24d4811a4db1fafe30f575fdd1e7872ae374351ca17a64af8", "predicoes_seed_17.csv": "ea7b79344cb68ef5275ebce33b56415d7688ff6ba16229600e867b5d7da96b48", "modelo.joblib": "f10382867b98b698ce8667e0e3dafcc4210ce375c55b30872e78e0a580fa0f99", "predicoes_seed_73.csv": "b2414aedb2f3ef56922e9e3774ff3d5f2bf2d53f4fe1085b0d63689242c66a01", "modelo_seed_17.joblib": "b0094498f28666c16276953b4710a74780fc8e5f0e4bec040e0a7fc2336e3696"}}
INICIO 2024-12 SVR
BUSCA 2024-12 KRR 48 72
BUSCA 2024-12 SVR 12 96
BUSCA 2024-11 SVR 96 96
CONCLUIDO 2024-11 SVR {"rodada": "2024-11", "modelo": "SVR", "candidato": 65, "parametros": {"C": 49.81272247471685, "epsilon": 0.7128368818976306, "gamma": 0.0023668768020487416, "kernel": "rbf"}, "RMSE_validacao": 1.4348867798845213, "candidatos_validos": 96, "candidatos_total": 96, "semente_selecao": 42, "estabilidade": "deterministico", "artefatos": {"metricas_externas.csv": "b31479ef273550d0d3e7c13889eea0f2af11b283a0d551534a1b7c3bfeb13e33", "metricas_internas.csv": "f2f4a49d5c58d489715b8f99430abc0b5b88059eb9dc5c5e688fd013d0ee568b", "predicoes_teste.csv": "7fb05c6375be960b8b7365c887edda593be66f6f55abfa7a276d8b33c2610c5f", "divisoes_dias.csv": "259f60a65b7ce0e9e7d0602044aeb6aebc7fd79d216bd297138488a73410d56a", "diagnosticos.jsonl": "9570439db9b24df374837a476007abd24428f1d768ab4ebcbef3035c03641ee0", "busca.csv": "45b7c99a31e24bc578126daabbc851749d4426732c9f9a830090a6b71c9392a2", "diagnosticos_reajuste.json": "f64cc670b3a2c685c56f7f7fd9edae3a4726fb8aa2c7602f62977cc19a82912d", "divisoes_resumo.csv": "5a95fe7daf2196f24d4811a4db1fafe30f575fdd1e7872ae374351ca17a64af8", "modelo.joblib": "68dca730732b638639829ebfc1f3ad11dfa0e71be0875d51eb3f378b9432c143"}}
INICIO 2024-12 XGBoost
BUSCA 2024-12 MLP 24 72
BUSCA 2024-12 XGBoost 12 192
BUSCA 2024-12 KRR 60 72
BUSCA 2024-12 XGBoost 24 192
BUSCA 2024-12 SVR 24 96
BUSCA 2024-12 XGBoost 36 192
BUSCA 2024-12 XGBoost 48 192
BUSCA 2024-12 KRR 72 72
BUSCA 2024-12 XGBoost 60 192
CONCLUIDO 2024-12 KRR {"rodada": "2024-12", "modelo": "KRR", "candidato": 65, "parametros": {"alpha": 2.568386730418734, "coef0": 1.0, "degree": 3, "gamma": 0.05718030235668149, "kernel": "polynomial"}, "RMSE_validacao": 1.4192915492755283, "candidatos_validos": 72, "candidatos_total": 72, "semente_selecao": 42, "estabilidade": "deterministico", "artefatos": {"metricas_externas.csv": "a69bb96a917fc9a2aeb640a2213bc23895d54058c20549e652a38b02ce52a817", "metricas_internas.csv": "b2f620cd46f54a1b3b16be1312c2b4d10591f3888e8ee00218aa3a898491f7ea", "predicoes_teste.csv": "86f85fc8c6df1e897bb4e5905d630bd30f5c21b996910065162b987848b7d322", "divisoes_dias.csv": "2ad2b3aacbb495d9cefe116af34f71bdbbfe2f1608b5906becc11f2c5109e621", "diagnosticos.jsonl": "7abe76124562d75e646fe45ed0cf1cac12e9cb86b09f29c23ee8b5771842446c", "busca.csv": "ed34b6f3a5daf67f4a0cae50e59913f5702a12bee8e6e508cc2f74989230a268", "diagnosticos_reajuste.json": "76b5f9b62ed64c81dbd2401148bbf5d5b8848c9df4b0e4d6909d58bcda369beb", "divisoes_resumo.csv": "021fb3295ea026a28dd64426f335c88205a95afce3e565d9f39babaa46b2fa15", "modelo.joblib": "c710f50cc0ffbe477ca4869b6302d554642666bf25467f3be1ed12bdf8fc9b36"}}
INICIO 2025-01 KRR
BUSCA 2024-12 SVR 36 96
BUSCA 2024-12 MLP 36 72
BUSCA 2024-12 XGBoost 72 192
BUSCA 2024-11 MLP 48 72
BUSCA 2024-10 MLP 72 72
BUSCA 2024-12 XGBoost 84 192
CONCLUIDO 2024-10 MLP {"rodada": "2024-10", "modelo": "MLP", "candidato": 14, "parametros": {"activation": "tanh", "alpha": 0.07178493606337405, "batch_size": 128, "hidden_layer_sizes": [5, 5, 5], "learning_rate_init": 0.001816822166724633}, "RMSE_validacao": 1.4972084422515473, "candidatos_validos": 72, "candidatos_total": 72, "semente_selecao": 42, "estabilidade": "reajuste_com_parametros_fixos_nao_reselecao", "artefatos": {"metricas_externas.csv": "2b70887268d14c05410edd2c0a74c364e388ecb2d4914ceb982ef6ffc12d9317", "diagnostico_seed_73.json": "303ec83e3c057ee6d17748311d2e352848b2ec7a6cce4ff98e309cc0f67cb556", "metricas_internas.csv": "8ed519caea39ec4ed2d1f238bde89e6e22015e7448b05d397b46becd54cd0028", "predicoes_teste.csv": "425036465d7fe90e6c0b0a0838422526fc35914460225ac5c95975435797f0b8", "divisoes_dias.csv": "9aa220f0e1bce1b50bcd5d50471435fd79ced866b25f0d684547fd516c76bcff", "diagnostico_seed_17.json": "c15fb9f065e9d7165f5b0701380d0aae21e9f260bbb34dbd226d2f26cf963461", "estabilidade_metricas.csv": "e7697ea1e2f958b7eb7b0ed184fefc7f62f663fd3c6eb099b2fc4e208e64912b", "diagnosticos.jsonl": "e7bf7b4fe9addd2dfbecce908c49a9538e6ae11d7b0e57ddfa20edf0c054b02b", "busca.csv": "f38936d07d3bf814e0488e6e63e09d41d944bca2ea850b796fce84b854ede5ec", "modelo_seed_73.joblib": "2e34955585f86c96bcdbfbc4dd6ff39172d82d626d6b799321469a1b61134658", "diagnosticos_reajuste.json": "fdfa5ef6c7fb57d4e6590397a77f77e5c4e5b7d0040139da22b8fcd50f13d5de", "divisoes_resumo.csv": "8c94e489388e1fdfcb8022df5cf63106965bab7d6040cc9447eff166d8178572", "predicoes_seed_17.csv": "053f4bff53f877ccd1917039d5c4127f7dd12ab22a0e534136fcf8a4c3ca957c", "modelo.joblib": "ec648942c2124c0b9d50c0a6c0907a0ae7ce999cb199c1f3afdb8059e7a2a0fa", "predicoes_seed_73.csv": "f93f6cbe87d5fea382ac72ed7dbd10a200490af82167251ed5f485f9f7c6413e", "modelo_seed_17.joblib": "9e602579cd8206fdb2ee2a4b3443aa25d25d698cd073200da89a9c2b1a6bd512"}}
INICIO 2025-01 MLP
BUSCA 2025-01 KRR 12 72
BUSCA 2024-12 XGBoost 96 192
BUSCA 2024-12 SVR 48 96
BUSCA 2024-12 XGBoost 108 192
BUSCA 2025-01 KRR 24 72
BUSCA 2024-12 XGBoost 120 192
BUSCA 2024-12 XGBoost 132 192
BUSCA 2024-12 SVR 60 96
BUSCA 2024-12 XGBoost 144 192
BUSCA 2025-01 KRR 36 72
BUSCA 2024-12 XGBoost 156 192
BUSCA 2024-12 SVR 72 96
BUSCA 2024-12 XGBoost 168 192
BUSCA 2025-01 MLP 12 72
BUSCA 2024-11 MLP 60 72
BUSCA 2024-12 XGBoost 180 192
BUSCA 2024-12 XGBoost 192 192
BUSCA 2024-12 SVR 84 96
CONCLUIDO 2024-12 XGBoost {"rodada": "2024-12", "modelo": "XGBoost", "candidato": 121, "parametros": {"colsample_bytree": 0.7, "learning_rate": 0.035293888247001144, "max_depth": 2, "min_child_weight": 8, "n_estimators": 200, "reg_alpha": 1.0, "reg_lambda": 0.03857267951713784, "subsample": 0.7}, "RMSE_validacao": 1.4482717390629736, "candidatos_validos": 192, "candidatos_total": 192, "semente_selecao": 42, "estabilidade": "reajuste_com_parametros_fixos_nao_reselecao", "artefatos": {"metricas_externas.csv": "2c94c8fb6059786064838fa5612b3555aa04e7603f7b5a91f83b6f814db281dc", "diagnostico_seed_73.json": "50de085fb1f944b2259e7e4a480eb86a471c0c770d56673f8a286f5dd0c118ac", "metricas_internas.csv": "4c3b7fe17fe93c69c523134179e44377f97148b58430559c73e85eb3ec66a2ff", "predicoes_teste.csv": "66e281a813707f69cd154636c7fdb8884689c511c11b8c3226fde8462286dd21", "divisoes_dias.csv": "2ad2b3aacbb495d9cefe116af34f71bdbbfe2f1608b5906becc11f2c5109e621", "diagnostico_seed_17.json": "c9358e2b322825c387624ce44560112c26f1938dba4ebc8f50d3206fb7b7602f", "estabilidade_metricas.csv": "2e92c5212a132e6434e3f91391681cbff96f41c6d0d530929fb86a12d0573c20", "diagnosticos.jsonl": "8cd8919a9d6505b0448420a739089660c322be6d62a7ef809587b75be8647bf7", "busca.csv": "23bc9a8debc7348bda5c33c3358f236b4484b2ec9e054b3bf5f98dc545ea95e4", "modelo_seed_73.joblib": "4c024dba4d37fdd0cb9cf3324f40e96f5e4bd154aec3e3b523b07576a23d9f10", "diagnosticos_reajuste.json": "b62001b0d2c80a70958b926baa9f73fb6e45ad077a3792d1b5cd4754f5ed0e5f", "divisoes_resumo.csv": "021fb3295ea026a28dd64426f335c88205a95afce3e565d9f39babaa46b2fa15", "predicoes_seed_17.csv": "074a82105b3a0d8a8a1d0aaf61d030fc227ba4634dd61bd28364ebef9d4796bd", "modelo.joblib": "3092b25e0ea6ad038e46363e75627df57322562f6fae6325b0a4a572ba5937d9", "predicoes_seed_73.csv": "17d9105cf4c256ff0bbed6add17cc544218ed5f9393c0eb3e910b9d0ffa58842", "modelo_seed_17.joblib": "3831f86671c57725844fd6e2b738e015a024c76f9ebbf4db77a7ffff31b179ee"}}
INICIO 2025-01 SVR
BUSCA 2025-01 KRR 48 72
BUSCA 2024-12 MLP 48 72
BUSCA 2025-01 SVR 12 96
BUSCA 2025-01 KRR 60 72
BUSCA 2024-12 SVR 96 96
CONCLUIDO 2024-12 SVR {"rodada": "2024-12", "modelo": "SVR", "candidato": 65, "parametros": {"C": 49.81272247471685, "epsilon": 0.7128368818976306, "gamma": 0.0023668768020487416, "kernel": "rbf"}, "RMSE_validacao": 1.395799912662995, "candidatos_validos": 96, "candidatos_total": 96, "semente_selecao": 42, "estabilidade": "deterministico", "artefatos": {"metricas_externas.csv": "a78b298958e2a97629a8cfab046c205b1c96107b694486295a9a52e205c29afc", "metricas_internas.csv": "6d0cc759f08b5b3f49f1dec67c67fb4eb080b8f307bda1f7b158c92debc7281b", "predicoes_teste.csv": "f14a183a67559714830eef4e2117fed0e34264fa197790030f1b6f19c2c9ec3a", "divisoes_dias.csv": "2ad2b3aacbb495d9cefe116af34f71bdbbfe2f1608b5906becc11f2c5109e621", "diagnosticos.jsonl": "b928eebb05e68759b1c8a425a81051a1840c813be8cabf8cad693004bb902511", "busca.csv": "ea9ef78c1fbb2f8eb1ac2f341efb08cdf9f50a451de4a5681fa7013375713143", "diagnosticos_reajuste.json": "a951d17d2a1587d1a977f06e449c18c2aa20461f9ddee460316e53aa97006641", "divisoes_resumo.csv": "021fb3295ea026a28dd64426f335c88205a95afce3e565d9f39babaa46b2fa15", "modelo.joblib": "5ac2f0bb4a6ac2266223c80050aae9443a22ac614b231c9e049f07b819c0b80e"}}
INICIO 2025-01 XGBoost
BUSCA 2025-01 XGBoost 12 192
BUSCA 2025-01 MLP 24 72
BUSCA 2025-01 XGBoost 24 192
BUSCA 2025-01 SVR 24 96
BUSCA 2025-01 XGBoost 36 192
BUSCA 2025-01 KRR 72 72
BUSCA 2024-11 MLP 72 72
CONCLUIDO 2025-01 KRR {"rodada": "2025-01", "modelo": "KRR", "candidato": 65, "parametros": {"alpha": 2.568386730418734, "coef0": 1.0, "degree": 3, "gamma": 0.05718030235668149, "kernel": "polynomial"}, "RMSE_validacao": 1.4181752780544585, "candidatos_validos": 72, "candidatos_total": 72, "semente_selecao": 42, "estabilidade": "deterministico", "artefatos": {"metricas_externas.csv": "7e0caac1cc8f8356cd716f0dd27caac295eddd4eafd2f440ecefe788eb5c5fdc", "metricas_internas.csv": "98c3e55c7706e5224efd39fe68c0828bbb7bf689c729a50b118e4670a4fea978", "predicoes_teste.csv": "e6dcaface33f6c53e35ad6d924a5ddc6de70fa8cac9bc3c1f9f2cfe1fdf99a59", "divisoes_dias.csv": "f93266da0c760acafa8f16b7360a7f168ef858b1a21260db3a58c7d15b0f9d72", "diagnosticos.jsonl": "6a2607437f9205735b51258b81045b06bd31a4991282ef7bc78887b7348f1454", "busca.csv": "471272068f99f14c3a352845e0e594fc6c4435c963e32d308d5797c1d9919643", "diagnosticos_reajuste.json": "8fc5903465a7bcbd4b65e34c169cfcb79e0a552ab0a3814bdab907f9a700de74", "divisoes_resumo.csv": "32c836d71cc69609bbc3243c9d6ce06653c29e4319da40d07ceca7573e252103", "modelo.joblib": "234a169904aa901cb716560411121a6127c8ce29e5dd3eb39b0bc373f29cae70"}}
BUSCA 2025-01 XGBoost 48 192
INICIO 2025-02 KRR
CONCLUIDO 2024-11 MLP {"rodada": "2024-11", "modelo": "MLP", "candidato": 29, "parametros": {"activation": "tanh", "alpha": 0.45851061452643416, "batch_size": 64, "hidden_layer_sizes": [50], "learning_rate_init": 0.00862520984522825}, "RMSE_validacao": 1.450355304981058, "candidatos_validos": 72, "candidatos_total": 72, "semente_selecao": 42, "estabilidade": "reajuste_com_parametros_fixos_nao_reselecao", "artefatos": {"metricas_externas.csv": "30e63edbb0676ca5671ba4c9e8f0eca2f13ac73e1b4bdc2662fbf6648401e327", "diagnostico_seed_73.json": "3fd27b7f269e38d7d30e39f0587e1d37157ee3850935bb15460c96830902a5ed", "metricas_internas.csv": "479d1eb2d8af17caffcfda2a12ce474f313aa6d3d3e1e88d9a6a35d0dd9b845f", "predicoes_teste.csv": "7596a925531d315701bf0158bd76070f65f9f0f0036348cd6a9f25c090bbc64e", "divisoes_dias.csv": "259f60a65b7ce0e9e7d0602044aeb6aebc7fd79d216bd297138488a73410d56a", "diagnostico_seed_17.json": "6863a4bbf38978e96d548b16d977ef3053b4f57d03a6f56d23e39749327c7a8c", "estabilidade_metricas.csv": "64ac127f70b19ad211241400e19aef1e88ea2458bc797c360107c9fc54fe1c6f", "diagnosticos.jsonl": "b12440d06cb9d1d3a039e9cd658f25bae69f6caa4dfaa66d7365bf3ff99b2d84", "busca.csv": "c5039a409d5a9fa6b4b55437547e9ad58dde8e880a8d75a310ed4ccb44059b5e", "modelo_seed_73.joblib": "86acb48325e10adbe90b3ffc43e99c4b3187b0d9c0d61c47e88f69754b4d9059", "diagnosticos_reajuste.json": "aeb2b847efbdf74a743b6d341c97aac9d9aeeb53dd31db81e86a2daeba3b3270", "divisoes_resumo.csv": "5a95fe7daf2196f24d4811a4db1fafe30f575fdd1e7872ae374351ca17a64af8", "predicoes_seed_17.csv": "83260feda9d7d54a8723e324487b901c17358e9220feed0b740146fa80dc40a9", "modelo.joblib": "c6f924ed6be0de6f782bf73ddf0c478e4c945bd1593b2f3ff2bb6493842aeac6", "predicoes_seed_73.csv": "ca65278aeb1787a96eeeabd438087816ba8f0a469c799b698c407437220d3367", "modelo_seed_17.joblib": "a9b6f5879227b0e8c98ae24ddc428fadea16f7dc30118d0a4cbfbf3514f39c9f"}}
INICIO 2025-02 MLP
BUSCA 2025-01 XGBoost 60 192
BUSCA 2025-01 SVR 36 96
BUSCA 2025-01 XGBoost 72 192
BUSCA 2025-01 MLP 36 72
BUSCA 2025-02 KRR 12 72
BUSCA 2025-01 XGBoost 84 192
BUSCA 2024-12 MLP 60 72
BUSCA 2025-01 XGBoost 96 192
BUSCA 2025-01 SVR 48 96
BUSCA 2025-02 KRR 24 72
BUSCA 2025-01 XGBoost 108 192
BUSCA 2025-01 XGBoost 120 192
BUSCA 2025-01 SVR 60 96
BUSCA 2025-01 XGBoost 132 192
BUSCA 2025-02 KRR 36 72
BUSCA 2025-01 XGBoost 144 192
BUSCA 2025-02 MLP 12 72
BUSCA 2025-01 XGBoost 156 192
BUSCA 2025-01 SVR 72 96
BUSCA 2025-01 XGBoost 168 192
BUSCA 2024-12 MLP 72 72
BUSCA 2025-01 XGBoost 180 192
BUSCA 2025-02 KRR 48 72
BUSCA 2025-01 SVR 84 96
BUSCA 2025-01 XGBoost 192 192
CONCLUIDO 2025-01 XGBoost {"rodada": "2025-01", "modelo": "XGBoost", "candidato": 84, "parametros": {"colsample_bytree": 0.7, "learning_rate": 0.09471118348318784, "max_depth": 1, "min_child_weight": 8, "n_estimators": 100, "reg_alpha": 0.1, "reg_lambda": 0.01994458597098313, "subsample": 0.7}, "RMSE_validacao": 1.4467481745060065, "candidatos_validos": 192, "candidatos_total": 192, "semente_selecao": 42, "estabilidade": "reajuste_com_parametros_fixos_nao_reselecao", "artefatos": {"metricas_externas.csv": "bd75e3df6f5949ea356fe4016375bd40e83aa046cebd7663912f2b8cb24f2997", "diagnostico_seed_73.json": "751524d6a50658b7862475ad8cded80ddbbbdff419e105ce0adecf5c643a89d8", "metricas_internas.csv": "0ec3ba77b3ccafea29dbfee1225d8395119b88f8020908a1e533313dbeddf1f0", "predicoes_teste.csv": "9cde97f3558774959386caed84f40c4c25ff1304083c009f7f6671f9675a7c0d", "divisoes_dias.csv": "f93266da0c760acafa8f16b7360a7f168ef858b1a21260db3a58c7d15b0f9d72", "diagnostico_seed_17.json": "03522b376e75701bad7b45046a6ecb5f518be7a01909f74fdf9f4a79ab37f8d5", "estabilidade_metricas.csv": "5122a336fdb1d022323941e91bf47a55feb3d3ce5711927e585d1115cd994b76", "diagnosticos.jsonl": "f5a023d8dcedfc72862329da1b076dceac8e6f9f88bc4ba8b5c1eb2f17799f6a", "busca.csv": "9e4dc1c5e9aeb593abdb0484ccf2f356683cf3b4876b2ba03da5fcbd57d6b646", "modelo_seed_73.joblib": "4f7fc4566e02633975f1e68f9737d873a849ee20fa449e9fafe40655526ac36f", "diagnosticos_reajuste.json": "3f5143d63a1aaf1387627195753c56ed65d12ad6b687ebb6bb4ecc319908e622", "divisoes_resumo.csv": "32c836d71cc69609bbc3243c9d6ce06653c29e4319da40d07ceca7573e252103", "predicoes_seed_17.csv": "f167387883cb9c7ead2dd75144bcc5e735a581970f5cba641c6246ec8a3326e2", "modelo.joblib": "2f00d2cf6b95544317384845da9ed8dfee1431f1d62b40616406ba792c21fe2d", "predicoes_seed_73.csv": "a048b00d30507fef58b74fb984bf729b12b7f4b9a829b14acb35d8a393be652d", "modelo_seed_17.joblib": "5bd831a8ee3d1704a3f835d80822e176546309c2e5ad0a19f62028391b44d4c8"}}
INICIO 2025-02 SVR
CONCLUIDO 2024-12 MLP {"rodada": "2024-12", "modelo": "MLP", "candidato": 68, "parametros": {"activation": "tanh", "alpha": 0.005445888383824698, "batch_size": 64, "hidden_layer_sizes": [100], "learning_rate_init": 0.002364933330072444}, "RMSE_validacao": 1.4028127286776613, "candidatos_validos": 72, "candidatos_total": 72, "semente_selecao": 42, "estabilidade": "reajuste_com_parametros_fixos_nao_reselecao", "artefatos": {"metricas_externas.csv": "99e0a7549f75f6e581eff085fe154bfacb18475e03b00bde030834f5752e3a04", "diagnostico_seed_73.json": "313ac060a85a8a5c3f46ea76147d1da4bc1e2dc9248919f053d3af3c1c1a6b71", "metricas_internas.csv": "60f8ec08cd6274ebd1909efa3edfe436b9c892025f2634d34d99b64fc6dee2a7", "predicoes_teste.csv": "890c34d46a03dc4d16d5442144f5059de8ffebedc5702a2f5836de7b68135f49", "divisoes_dias.csv": "2ad2b3aacbb495d9cefe116af34f71bdbbfe2f1608b5906becc11f2c5109e621", "diagnostico_seed_17.json": "e1a9e5f5cff8811b6b86a0dfeb2abc558d7f9c520c6b8a5d93840cf9581600c0", "estabilidade_metricas.csv": "e3ab703cbefc2ff8dbe3b19b6cf63470930e8159920fb6a253be7f38037a9a22", "diagnosticos.jsonl": "aebe11e8d451e173ffcad8903d034df52b3e12e39b950e49e7851a9b2dc4a2c5", "busca.csv": "6f9c2b85b6dc7ff93a4e0b0f3a324841866b1d77600c55ce0f0ead6d9142a011", "modelo_seed_73.joblib": "f0e3bd88a76b651510e1d437137728d817b7fdffc37ef7230fce649756888044", "diagnosticos_reajuste.json": "f92e283cc68c8e27bf6e93c7b8f79fcd7604554db13fe1ef0f756a602824397c", "divisoes_resumo.csv": "021fb3295ea026a28dd64426f335c88205a95afce3e565d9f39babaa46b2fa15", "predicoes_seed_17.csv": "bd54bd5aefd45c8f96b4643be16a8b9ae73d00f29b6dd9d6363d093a60d6af11", "modelo.joblib": "879a41d333afdafe019ee0a97704995755145b0b8e6c3babb0f120489b753ed9", "predicoes_seed_73.csv": "58d5bdedfcffdf4125e7bd2dace1581ed6abeb56c1fb0cc81886011f35214cf1", "modelo_seed_17.joblib": "213ce48dea555b2b063b8896283f9d217aab4f3ecdfe5e963cdd5f38583012d8"}}
INICIO 2025-02 XGBoost
BUSCA 2025-02 XGBoost 12 192
BUSCA 2025-01 MLP 48 72
BUSCA 2025-02 MLP 24 72
BUSCA 2025-02 XGBoost 24 192
BUSCA 2025-02 KRR 60 72
BUSCA 2025-02 SVR 12 96
BUSCA 2025-01 SVR 96 96
CONCLUIDO 2025-01 SVR {"rodada": "2025-01", "modelo": "SVR", "candidato": 32, "parametros": {"C": 34.82675727581821, "epsilon": 0.6973941757037488, "gamma": 0.015062483652633225, "kernel": "rbf"}, "RMSE_validacao": 1.386189607266903, "candidatos_validos": 96, "candidatos_total": 96, "semente_selecao": 42, "estabilidade": "deterministico", "artefatos": {"metricas_externas.csv": "1e47222cba6be4e3f994589a1301c63c116edd6093f07822d49ae3a45f46db5a", "metricas_internas.csv": "e2fdf76a84208ad4fbc1b15c9616f415fc233cfe552aa2f07a211f14714e3974", "predicoes_teste.csv": "4eb92e77b788e3cf72d8448a4d96e7b7c079f1fe9f763636f8966967c0f7f05d", "divisoes_dias.csv": "f93266da0c760acafa8f16b7360a7f168ef858b1a21260db3a58c7d15b0f9d72", "diagnosticos.jsonl": "1a5874fc89aaac60b18d84a967f82c315c314651c849b4e896f120f658b7e172", "busca.csv": "a65b2d9d0411b07969cbd58e558c8a7435d2e17198886a7b03aaf7f2406a9b6f", "diagnosticos_reajuste.json": "d6b7e0292f5f5f41f98bab76f654182726c92be99ee59db1d0b2b9bd2e7d6071", "divisoes_resumo.csv": "32c836d71cc69609bbc3243c9d6ce06653c29e4319da40d07ceca7573e252103", "modelo.joblib": "00fb8f34fc755c87c71c174feb077789eb2b5eb09d764f4e3831576eee7810ec"}}
INICIO 2025-03 KRR
BUSCA 2025-02 XGBoost 36 192
BUSCA 2025-02 XGBoost 48 192
BUSCA 2025-02 XGBoost 60 192
BUSCA 2025-03 KRR 12 72
BUSCA 2025-02 SVR 24 96
BUSCA 2025-02 XGBoost 72 192
BUSCA 2025-02 KRR 72 72
CONCLUIDO 2025-02 KRR {"rodada": "2025-02", "modelo": "KRR", "candidato": 65, "parametros": {"alpha": 2.568386730418734, "coef0": 1.0, "degree": 3, "gamma": 0.05718030235668149, "kernel": "polynomial"}, "RMSE_validacao": 1.461245890141764, "candidatos_validos": 72, "candidatos_total": 72, "semente_selecao": 42, "estabilidade": "deterministico", "artefatos": {"metricas_externas.csv": "b163ceb32dab08e5976bec97eec77a470a5691bacd205012e9ef70c2bb644a0e", "metricas_internas.csv": "052682676e7a60420649d95eedf26dd22bd1bee196f55824cb6fe41f11c07407", "predicoes_teste.csv": "3d4461847df4b1f2f9f9df26da1573a157b32c53d475f7789383b92ac9384a4b", "divisoes_dias.csv": "b3c1e2d71e5edaaa674da3b16031ab05dfd5ed57e7e2319fdb8a6293930c05eb", "diagnosticos.jsonl": "ea60924ef7596e70382c6d5e76092a9d30fe6ecc96348073c46d137b7baeeb60", "busca.csv": "61d20bc3514af7ef46308868f377c50635784c26790bd837c3cb5b01142a67d1", "diagnosticos_reajuste.json": "1dc29a76500a226ec9e505208ca4529f9b7787e76dc5106373db6dd58fd4844b", "divisoes_resumo.csv": "53fd2df5fdbf2a5f7c5f566d75c3acfaad6c10b086c455779e84207206e26857", "modelo.joblib": "0ce33e676385e2da97292050a7729e96c369e97380d192175bda3936d227d330"}}
BUSCA 2025-02 MLP 36 72
BUSCA 2025-02 XGBoost 84 192
INICIO 2025-03 MLP
BUSCA 2025-02 XGBoost 96 192
BUSCA 2025-03 KRR 24 72
BUSCA 2025-02 SVR 36 96
BUSCA 2025-02 XGBoost 108 192
BUSCA 2025-02 XGBoost 120 192
BUSCA 2025-01 MLP 60 72
BUSCA 2025-03 KRR 36 72
BUSCA 2025-02 XGBoost 132 192
BUSCA 2025-02 SVR 48 96
BUSCA 2025-02 XGBoost 144 192
BUSCA 2025-02 XGBoost 156 192
BUSCA 2025-03 MLP 12 72
BUSCA 2025-02 SVR 60 96
BUSCA 2025-02 XGBoost 168 192
BUSCA 2025-03 KRR 48 72
BUSCA 2025-02 XGBoost 180 192
BUSCA 2025-02 XGBoost 192 192
CONCLUIDO 2025-02 XGBoost {"rodada": "2025-02", "modelo": "XGBoost", "candidato": 160, "parametros": {"colsample_bytree": 0.7, "learning_rate": 0.020388812263088984, "max_depth": 2, "min_child_weight": 8, "n_estimators": 400, "reg_alpha": 0.01, "reg_lambda": 3.062733673011031, "subsample": 0.7}, "RMSE_validacao": 1.495080557668704, "candidatos_validos": 192, "candidatos_total": 192, "semente_selecao": 42, "estabilidade": "reajuste_com_parametros_fixos_nao_reselecao", "artefatos": {"metricas_externas.csv": "b54d52e0d4e37de615087548b9c2b8a11bdf11b128cc4a3e5334a03c5ba05440", "diagnostico_seed_73.json": "46dd308907166b950cdd95eb55298ec8aa02573828ace2462aeaca18f7f4179f", "metricas_internas.csv": "aff890551d4a6a43460553b78f771f2f9f2cc94807e42d8a559aa20eee0b16e7", "predicoes_teste.csv": "06f5e559dbc46d9b1fad3b121bf035bb68361e74a2e0be31c47e994419ff8106", "divisoes_dias.csv": "b3c1e2d71e5edaaa674da3b16031ab05dfd5ed57e7e2319fdb8a6293930c05eb", "diagnostico_seed_17.json": "15fb1b74d834307e7f0a1f495935646ed5db19ced16e722981c659ed0d982ff7", "estabilidade_metricas.csv": "fe5efec8db22d8bca727430f86a9423deedf754f2dd11d5b89a8a57b1312a56c", "diagnosticos.jsonl": "ea12ea0d2062998af951e2a56bcad376da3900717bfc7e88ca05e5c5be6095ca", "busca.csv": "3253952ee6a3ff2e59767e3f37142fbaba9135014e72479deb3b3923c3794f5a", "modelo_seed_73.joblib": "c7e360328cb0b30eff91fea485ca0ae20cc8db12f00dcd3867e54865247ebce6", "diagnosticos_reajuste.json": "d320ebaef9f15c7aa397bb1ef44fb2e608edc7ff9e13a55499c9a50d215cfd2d", "divisoes_resumo.csv": "53fd2df5fdbf2a5f7c5f566d75c3acfaad6c10b086c455779e84207206e26857", "predicoes_seed_17.csv": "970fbf1315b34c2ea7b3e1a3bd9d3b3bb98a0647e993424885afa8f1c965cba4", "modelo.joblib": "7559125d70e71b50122354b4b4d82db83d47d2124480eba1aebe0e6e10098869", "predicoes_seed_73.csv": "15612e65a15a3d0c097d504916307a5bc257c2d8ab4df49c2d1be327c734c695", "modelo_seed_17.joblib": "804f10e20c75b95f771c9c498b0ee4433e65c962c3f4b392681d188a809a14e6"}}
INICIO 2025-03 SVR
BUSCA 2025-02 SVR 72 96
BUSCA 2025-03 KRR 60 72
BUSCA 2025-02 MLP 48 72
BUSCA 2025-01 MLP 72 72
BUSCA 2025-03 SVR 12 96
BUSCA 2025-02 SVR 84 96
CONCLUIDO 2025-01 MLP {"rodada": "2025-01", "modelo": "MLP", "candidato": 68, "parametros": {"activation": "tanh", "alpha": 0.005445888383824698, "batch_size": 64, "hidden_layer_sizes": [100], "learning_rate_init": 0.002364933330072444}, "RMSE_validacao": 1.396213694169574, "candidatos_validos": 72, "candidatos_total": 72, "semente_selecao": 42, "estabilidade": "reajuste_com_parametros_fixos_nao_reselecao", "artefatos": {"metricas_externas.csv": "331e4042a191cdaddd0641e91c3536e18f0be7bfecc2ecdf4f518894775276b4", "diagnostico_seed_73.json": "4fbb84933cf22804c270c1c0ee1b785b0c8fdb29b4805a6a3f0ba70bb5096aa9", "metricas_internas.csv": "5bae091daad7d6be3f276b673c40a63cc4c008475330173bf1c4f1dcef69c268", "predicoes_teste.csv": "959bde730bad6072b9b581c670cd5cda6e2fab0e77cb0b32ec00745e3c4f8c76", "divisoes_dias.csv": "f93266da0c760acafa8f16b7360a7f168ef858b1a21260db3a58c7d15b0f9d72", "diagnostico_seed_17.json": "d1802746a20f49383699b0312dd13e735614b9b1abdb1101db70ff0b09216c1a", "estabilidade_metricas.csv": "b6b5d51fe86a96f26edbcf273f444da722949a9058f0a1f46414258e4dee18d2", "diagnosticos.jsonl": "e98ff0f81faf9409867e68112e506724a26a165bcca6e1484f930e6788ab3764", "busca.csv": "9763e65d833f9fb26b78b0b09ffc7f6da5c606da99638e202c5a0fe64861063b", "modelo_seed_73.joblib": "7d393fdc06f13fa7ff14c8fb8fd69d70fa06c1d40a26dda29cd6be28e8f06598", "diagnosticos_reajuste.json": "7fe8bc492fd567cd75ebc7ee4a7399b6af9285f59ccecb37dedf54978a468079", "divisoes_resumo.csv": "32c836d71cc69609bbc3243c9d6ce06653c29e4319da40d07ceca7573e252103", "predicoes_seed_17.csv": "d94e904d8b0a46cd50c999ceae7a59eb59b7e46661299f1e9019c7f6a551a3ab", "modelo.joblib": "862dd1d03a133f806ac62074ae1219669490076f755ff54e6a17c363bf05eeb5", "predicoes_seed_73.csv": "a570eb914aa8321e15a5b9caf0fe7de03b704a1b2f3525bc3b5bcdbd136dad32", "modelo_seed_17.joblib": "825a19667255b46388b36723295dac3b8a408567d9716aa638b270d8ac60769c"}}
BUSCA 2025-03 MLP 24 72
INICIO 2025-03 XGBoost
BUSCA 2025-03 XGBoost 12 192
BUSCA 2025-03 KRR 72 72
CONCLUIDO 2025-03 KRR {"rodada": "2025-03", "modelo": "KRR", "candidato": 65, "parametros": {"alpha": 2.568386730418734, "coef0": 1.0, "degree": 3, "gamma": 0.05718030235668149, "kernel": "polynomial"}, "RMSE_validacao": 1.466466566582701, "candidatos_validos": 72, "candidatos_total": 72, "semente_selecao": 42, "estabilidade": "deterministico", "artefatos": {"metricas_externas.csv": "d35942e1541c765851ff868a15729f5ec8be4bf89f9107838a8771405970d19b", "metricas_internas.csv": "88cd77f5b0b45a7b1f99c87b4e0a9e2918c3363d0cee2c73c2cf2196258b6987", "predicoes_teste.csv": "533893b3e71d1599c3ff81365295a4ab0cda66fdfce5b5ca18a18a9d0f8d6d52", "divisoes_dias.csv": "111d2d297cb37c7f8a25a52bcb37f9d3ecb78b62ed1d83f05384ebd258a1e31a", "diagnosticos.jsonl": "c9fbf212a2b24d8328a97ff3545d9b3aa0af93491837f3070719253b6241d255", "busca.csv": "59e33689b07437d9ed192474ab30b712eb3e3c1beca60ba90a680eddd3f1a621", "diagnosticos_reajuste.json": "a604985aa732748e4a11c2cb24680387567fffd51ee56799c79e57427d45c156", "divisoes_resumo.csv": "08fefc75fabc15ceb46d328580fafff9aedd4a55c124108b187f3d1922b0b5ef", "modelo.joblib": "3955f80f9e5777aa8f2d6f4a499767a247b4b80618b9794f44db6618d0194a93"}}
INICIO CRONO KRR
BUSCA 2025-03 XGBoost 24 192
BUSCA 2025-03 SVR 24 96
BUSCA 2025-03 XGBoost 36 192
BUSCA CRONO KRR 12 72
BUSCA 2025-03 XGBoost 48 192
BUSCA 2025-02 SVR 96 96
CONCLUIDO 2025-02 SVR {"rodada": "2025-02", "modelo": "SVR", "candidato": 32, "parametros": {"C": 34.82675727581821, "epsilon": 0.6973941757037488, "gamma": 0.015062483652633225, "kernel": "rbf"}, "RMSE_validacao": 1.4327743128263222, "candidatos_validos": 96, "candidatos_total": 96, "semente_selecao": 42, "estabilidade": "deterministico", "artefatos": {"metricas_externas.csv": "593069ef3d0f9f3bcf638f1bff53c0f7f76a781b9a24f211622b2c8cc5d0e827", "metricas_internas.csv": "9ebbcbe34cfe0024c84b9e212959cbb10d1632c39c667437fbba1a6cd7c6d0ac", "predicoes_teste.csv": "43e6a02d222d25e0c547ae4ef6d9380bf6751174d9b7b2eca64224646889e258", "divisoes_dias.csv": "b3c1e2d71e5edaaa674da3b16031ab05dfd5ed57e7e2319fdb8a6293930c05eb", "diagnosticos.jsonl": "9f1946c4e4b299234faf2b474ce263bc5892b355250a56de0796c1f732cf2e23", "busca.csv": "ccbb0e9ec8fda93c3edeb02c1cdc6530abedf74348f6548a24b989b3e52a81cd", "diagnosticos_reajuste.json": "8a1dce24be790507b3fc43e00cb402d40918fb9834d09a6b85a7b9f684861cc6", "divisoes_resumo.csv": "53fd2df5fdbf2a5f7c5f566d75c3acfaad6c10b086c455779e84207206e26857", "modelo.joblib": "4fdf0eeadb571634217db4ebc4a032fa9748f90457f341ace67fe2c797f96867"}}
INICIO CRONO MLP
BUSCA 2025-03 XGBoost 60 192
BUSCA 2025-03 SVR 36 96
BUSCA CRONO KRR 24 72
BUSCA 2025-03 MLP 36 72
BUSCA 2025-03 XGBoost 72 192
BUSCA 2025-03 XGBoost 84 192
BUSCA CRONO KRR 36 72
BUSCA 2025-03 XGBoost 96 192
BUSCA 2025-02 MLP 60 72
BUSCA 2025-03 SVR 48 96
BUSCA 2025-03 XGBoost 108 192
BUSCA 2025-03 XGBoost 120 192
BUSCA 2025-03 SVR 60 96
BUSCA CRONO KRR 48 72
BUSCA 2025-03 XGBoost 132 192
BUSCA CRONO MLP 12 72
BUSCA 2025-03 XGBoost 144 192
BUSCA CRONO KRR 60 72
BUSCA 2025-03 XGBoost 156 192
BUSCA 2025-03 SVR 72 96
BUSCA 2025-03 XGBoost 168 192
BUSCA CRONO KRR 72 72
CONCLUIDO CRONO KRR {"rodada": "CRONO", "modelo": "KRR", "candidato": 65, "parametros": {"alpha": 2.568386730418734, "coef0": 1.0, "degree": 3, "gamma": 0.05718030235668149, "kernel": "polynomial"}, "RMSE_validacao": 1.471951780231791, "candidatos_validos": 72, "candidatos_total": 72, "semente_selecao": 42, "estabilidade": "deterministico", "artefatos": {"metricas_externas.csv": "0b75a7f153cafdb442fe61fe63b616c22e67f3c27104552b1e1e44a6416ffa8f", "metricas_internas.csv": "88f51e2af145eed785042eddb371e98b62d4bfd28adc5ae13c6876c85b259d1e", "predicoes_teste.csv": "32002b23abe96af8e559012e6ff9a8d2d19d7abd0b43a141d3f3ca2c49aff2dc", "divisoes_dias.csv": "b2b8c856dbab2bbcb80afebabfa1e7eda68755f6830d5d92eef31adccbcea832", "diagnosticos.jsonl": "4d9bb4039235489d34a4b9609a86ca86d2bcf754f32759005bd21463aa7b68dc", "busca.csv": "6c63faf22183080033c02de61d96e0668387845f2fb100eb57d154c9139c79d5", "diagnosticos_reajuste.json": "a3374b0d204b2cb747fbdd696855e4d4790d5b81c38662fb005f7447e75dccd6", "divisoes_resumo.csv": "5d2d44b32676334327152963629cfd3c4a2d3f7ad730570cbb2a6ab827c4673a", "modelo.joblib": "e31c795ce7bc00abc72f28a8f8765966e1c53e0e8338466947757c143fa805d7"}}
INICIO CRONO SVR
BUSCA 2025-03 XGBoost 180 192
BUSCA 2025-03 SVR 84 96
BUSCA 2025-03 XGBoost 192 192
CONCLUIDO 2025-03 XGBoost {"rodada": "2025-03", "modelo": "XGBoost", "candidato": 84, "parametros": {"colsample_bytree": 0.7, "learning_rate": 0.09471118348318784, "max_depth": 1, "min_child_weight": 8, "n_estimators": 100, "reg_alpha": 0.1, "reg_lambda": 0.01994458597098313, "subsample": 0.7}, "RMSE_validacao": 1.4938036943325084, "candidatos_validos": 192, "candidatos_total": 192, "semente_selecao": 42, "estabilidade": "reajuste_com_parametros_fixos_nao_reselecao", "artefatos": {"metricas_externas.csv": "b8ed8f42c9fa45e63ff14b031ced2a576b610b0d4e23d2cc6cdef7e5d4067119", "diagnostico_seed_73.json": "f0e944677c28032d8dc2273963474eb693d2687123740961654d63bde1b39a48", "metricas_internas.csv": "ea8525dd8817f66bf365ee04b81a0de36b47dcba6b830a7388701ede9b93a8f6", "predicoes_teste.csv": "0ae77e1dec49e1cc9c5ccf439c8b19a191f8f47b6aabd4d86bcb5f531203b8f6", "divisoes_dias.csv": "111d2d297cb37c7f8a25a52bcb37f9d3ecb78b62ed1d83f05384ebd258a1e31a", "diagnostico_seed_17.json": "6d3fba3f3909d0aa4db6017454752cacd82aa42fa08a2b785e6d6c0286e1c8f6", "estabilidade_metricas.csv": "02870b445ea5a9dc18042b84848ea051c63052b6653d682ae762ccbfd80caae8", "diagnosticos.jsonl": "2b08251d2414162403100a862e349b18c3f204ed4200a216de379158b405724a", "busca.csv": "059b061cb6064c6cfd33b87e94f4036e9c8b06031e8bcc29727ab124e6049ce3", "modelo_seed_73.joblib": "91573a6aba7695b0f1ba5fc6640a47968d53c09f7780bd129d2739b96201b013", "diagnosticos_reajuste.json": "c732cb9996b33a715f712da8faf01c24cf76a3cb90f233b32fbdcf41c5c692b0", "divisoes_resumo.csv": "08fefc75fabc15ceb46d328580fafff9aedd4a55c124108b187f3d1922b0b5ef", "predicoes_seed_17.csv": "aeda6c08fa99e018dd37c186fd5b99cb519892bff328b268caf9b0d4a00430cc", "modelo.joblib": "bfbbbf084ca020120120cb412e0ea022837b999da33a22a84a576f45ffe55d6b", "predicoes_seed_73.csv": "f534b591c970137215d12f66c1a0bae8cb83a1feab9936ad7bed36570bf55e91", "modelo_seed_17.joblib": "5f03e228963a6253fce919833b1b78d3ba5b8ff89ec724f3e9139d4f5c3d041b"}}
INICIO CRONO XGBoost
BUSCA 2025-02 MLP 72 72
BUSCA CRONO XGBoost 12 192
BUSCA 2025-03 MLP 48 72
CONCLUIDO 2025-02 MLP {"rodada": "2025-02", "modelo": "MLP", "candidato": 29, "parametros": {"activation": "tanh", "alpha": 0.45851061452643416, "batch_size": 64, "hidden_layer_sizes": [50], "learning_rate_init": 0.00862520984522825}, "RMSE_validacao": 1.443113762792482, "candidatos_validos": 72, "candidatos_total": 72, "semente_selecao": 42, "estabilidade": "reajuste_com_parametros_fixos_nao_reselecao", "artefatos": {"metricas_externas.csv": "1b8c692af42d0f6f8e97614ffc01ca47478c62d671ed67d6c2139b03a9ed1e98", "diagnostico_seed_73.json": "19340ff80272b30fcd3d842d74f3453eba392e68097cd94e13ae9b678086cbe7", "metricas_internas.csv": "5e3ac56fee5c8ed8f82c62085af5ada7ece8732f7bff6028ba408d77a759f88b", "predicoes_teste.csv": "8983d088a1fa968f10af261612e6408460fb2b7f5fb0359f9336cae39575c498", "divisoes_dias.csv": "b3c1e2d71e5edaaa674da3b16031ab05dfd5ed57e7e2319fdb8a6293930c05eb", "diagnostico_seed_17.json": "fde126b1a0143d673cd8eac583c88cfa980e1819481434e6c7d6c173ab320f80", "estabilidade_metricas.csv": "dade03b6b26e09f30762ea550d06259071cd87bf5bfe3fcca8946069d604dac4", "diagnosticos.jsonl": "078ec5e7d78def9d9769207c8cd0498168563b673d20a45a1d87057073c4a619", "busca.csv": "a6c431f26cdf2379d99be9738ca37b579ed3223953c81e777515f1117a171e8f", "modelo_seed_73.joblib": "75ce4677c14971f309889556f6443d5bc5ab6c855fe7195c42c24e97148a3f56", "diagnosticos_reajuste.json": "685cd812ccbd8aa0207c88f76f8302f52faa270c17732861ed9b3d2bf051eda6", "divisoes_resumo.csv": "53fd2df5fdbf2a5f7c5f566d75c3acfaad6c10b086c455779e84207206e26857", "predicoes_seed_17.csv": "798406ccc4f259cd24f1da07f79ff892223a11b2994679da53f8235eb73745c8", "modelo.joblib": "5831745487df96e85e61a903b453b384cc4129e2e31dbaa0765c71932c141945", "predicoes_seed_73.csv": "3aaefbbe53f248599f4325f42832f45dd8bc6606475ff05eb1db0b80132be38d", "modelo_seed_17.joblib": "e8d634e3fde5852f577f42c3de5e58f741ecba06410cbb1c447b2bd5a6b11aae"}}
INICIO FINAL KRR
BUSCA CRONO SVR 12 96
BUSCA CRONO MLP 24 72
BUSCA CRONO XGBoost 24 192
BUSCA CRONO XGBoost 36 192
BUSCA 2025-03 SVR 96 96
CONCLUIDO 2025-03 SVR {"rodada": "2025-03", "modelo": "SVR", "candidato": 65, "parametros": {"C": 49.81272247471685, "epsilon": 0.7128368818976306, "gamma": 0.0023668768020487416, "kernel": "rbf"}, "RMSE_validacao": 1.429400242558091, "candidatos_validos": 96, "candidatos_total": 96, "semente_selecao": 42, "estabilidade": "deterministico", "artefatos": {"metricas_externas.csv": "6d8410f5a82c706bc07df416a1dd5cfa33a0ae9af72e7239667bb38b4a79d800", "metricas_internas.csv": "4fa756d199b2bcdbdce9143bc187d93ac8016ec10096269cdb8b2ce0a05026b4", "predicoes_teste.csv": "1f419aac41fa61faf1e214ebfb9c5c98e7370325089d286e61127d2cb72a8024", "divisoes_dias.csv": "111d2d297cb37c7f8a25a52bcb37f9d3ecb78b62ed1d83f05384ebd258a1e31a", "diagnosticos.jsonl": "f795542a04e0eb0cecaf35ddc3c13da79810b810252c170a350f09a7b1c9c2e8", "busca.csv": "ddd17d6030ff00b6b36c9773a58617549f83bed1559e26b68228415e08efcb96", "diagnosticos_reajuste.json": "d1c2363c9918289a02db8cbb87a254d30afde70ab40c53bbb5df08c59ff4c4bb", "divisoes_resumo.csv": "08fefc75fabc15ceb46d328580fafff9aedd4a55c124108b187f3d1922b0b5ef", "modelo.joblib": "68f66d6325eda95386475195aa8e872c9575c7ef303e42562a503966faffc127"}}
INICIO FINAL MLP
BUSCA CRONO XGBoost 48 192
BUSCA CRONO SVR 24 96
BUSCA CRONO XGBoost 60 192
BUSCA FINAL KRR 12 72
BUSCA CRONO XGBoost 72 192
BUSCA CRONO SVR 36 96
BUSCA CRONO MLP 36 72
BUSCA CRONO XGBoost 84 192
BUSCA CRONO XGBoost 96 192
BUSCA FINAL KRR 24 72
BUSCA CRONO SVR 48 96
BUSCA CRONO XGBoost 108 192
BUSCA CRONO XGBoost 120 192
BUSCA CRONO SVR 60 96
BUSCA CRONO XGBoost 132 192
BUSCA 2025-03 MLP 60 72
BUSCA CRONO XGBoost 144 192
BUSCA FINAL MLP 12 72
BUSCA FINAL KRR 36 72
BUSCA CRONO SVR 72 96
BUSCA CRONO XGBoost 156 192
BUSCA CRONO XGBoost 168 192
BUSCA CRONO SVR 84 96
BUSCA CRONO XGBoost 180 192
BUSCA CRONO XGBoost 192 192
CONCLUIDO CRONO XGBoost {"rodada": "CRONO", "modelo": "XGBoost", "candidato": 126, "parametros": {"colsample_bytree": 1.0, "learning_rate": 0.03684927052487882, "max_depth": 1, "min_child_weight": 1, "n_estimators": 200, "reg_alpha": 0.01, "reg_lambda": 0.03544090048671206, "subsample": 0.7}, "RMSE_validacao": 1.509597247868682, "candidatos_validos": 192, "candidatos_total": 192, "semente_selecao": 42, "estabilidade": "reajuste_com_parametros_fixos_nao_reselecao", "artefatos": {"metricas_externas.csv": "61c376d4d04b491eee8ecffb7aeae7fe5fb963e12193ef6bcdcdd484c8ef65c8", "diagnostico_seed_73.json": "af932edf2f061b2f4096e00dca7ba95a4d51ee58ad0211a7ee571253c1ae3c1f", "metricas_internas.csv": "f6634e070c741c8c851a15622d874b9871ccaedd907cffd13767ded490aa58fb", "predicoes_teste.csv": "43cf260446daa3ea7486cc7bdba5c9d4fe64812884f95c5b5f515540f218b478", "divisoes_dias.csv": "b2b8c856dbab2bbcb80afebabfa1e7eda68755f6830d5d92eef31adccbcea832", "diagnostico_seed_17.json": "39f93542f0ae9043f76d84e7ee401c1e184b71e0d6b66bdf9af2a8b486b59ad3", "estabilidade_metricas.csv": "fbc806d5ab201f59c952374549965bdf0f60b7e0f8462f798d4e738b50c8c3fd", "diagnosticos.jsonl": "2d6c8b4df84117265ffd7ccb182565dfe281f9be03b5ae2f55f914ad1cdc96f5", "busca.csv": "cdb5e337b4f1acd33e497188ca02b4eae597c4ccc81bab885eddad58515c0187", "modelo_seed_73.joblib": "4dea66cf0c751967d4859c0fe441c6f499159c6d1a816deb9d4a3df28d92a887", "diagnosticos_reajuste.json": "b3a37920554ad23ba107cc037415579ef861bb9a6700cc48da5bee3d449d25c7", "divisoes_resumo.csv": "5d2d44b32676334327152963629cfd3c4a2d3f7ad730570cbb2a6ab827c4673a", "predicoes_seed_17.csv": "1f211ea268357e4b0d939929c5274367b3c48dfefa22a0befade19c699965442", "modelo.joblib": "964607930368a01cfec46b325a2e691ae4f30af606bc843be37ace8611a44358", "predicoes_seed_73.csv": "fa8eaed28b9c5441b73ff5fb41331c2b9df37368300a7e9226b85d6a1486ba17", "modelo_seed_17.joblib": "5284d2e7e97b2e2f31b6759900b78055e09ad991601b120aa149aa1f6090f247"}}
INICIO FINAL SVR
BUSCA CRONO SVR 96 96
CONCLUIDO CRONO SVR {"rodada": "CRONO", "modelo": "SVR", "candidato": 65, "parametros": {"C": 49.81272247471685, "epsilon": 0.7128368818976306, "gamma": 0.0023668768020487416, "kernel": "rbf"}, "RMSE_validacao": 1.4471506208693452, "candidatos_validos": 96, "candidatos_total": 96, "semente_selecao": 42, "estabilidade": "deterministico", "artefatos": {"metricas_externas.csv": "4adf165c94cf2b378503cd252956ca5b6f87d5dfdaff416e114371135ade100e", "metricas_internas.csv": "94a0fc8ef652943ff08bc6e67ef7966141abd2cbd49659468de3e9af523c3211", "predicoes_teste.csv": "e4233c10e1d5d183ef71d979a27d774a38ca5e7b3bb3c3406b5e3c60aa5cad0e", "divisoes_dias.csv": "b2b8c856dbab2bbcb80afebabfa1e7eda68755f6830d5d92eef31adccbcea832", "diagnosticos.jsonl": "d6eecf531f3dad3bf73f58bdc72a138c36a6798d111ee8db71d899792eb51eee", "busca.csv": "3cf206a3487238b4cf80b90945c74631ef0c1e0bea885fa6ca2e5ee300be3975", "diagnosticos_reajuste.json": "8226c87facf19be154b8cd15a9128c33c90a5aa704c6c3550e1d008ec35bc7eb", "divisoes_resumo.csv": "5d2d44b32676334327152963629cfd3c4a2d3f7ad730570cbb2a6ab827c4673a", "modelo.joblib": "3efcec2d1a0430fb03796bae0ef2fc008d6377493f99196fe7238900f47c31c5"}}
INICIO FINAL XGBoost
BUSCA FINAL XGBoost 12 192
BUSCA FINAL KRR 48 72
BUSCA CRONO MLP 48 72
BUSCA FINAL MLP 24 72
BUSCA FINAL XGBoost 24 192
BUSCA FINAL SVR 12 96
BUSCA 2025-03 MLP 72 72
BUSCA FINAL XGBoost 36 192
CONCLUIDO 2025-03 MLP {"rodada": "2025-03", "modelo": "MLP", "candidato": 68, "parametros": {"activation": "tanh", "alpha": 0.005445888383824698, "batch_size": 64, "hidden_layer_sizes": [100], "learning_rate_init": 0.002364933330072444}, "RMSE_validacao": 1.453387316722292, "candidatos_validos": 72, "candidatos_total": 72, "semente_selecao": 42, "estabilidade": "reajuste_com_parametros_fixos_nao_reselecao", "artefatos": {"metricas_externas.csv": "b660620afc1b13928649581316c090c299a9a37d64e0d4b77b851a75496b15ee", "diagnostico_seed_73.json": "7529d7185c6251ab9b85f80b0be709289f7882ec4344660311c0585596a1f647", "metricas_internas.csv": "e9f0404b722d93ab7a2cf952d9e0ac34628ae379a88ced976f1333a8c3a1a127", "predicoes_teste.csv": "2d15ff14a650d510a838aca3ba3a8fbf73de136cc466d80de4b6b7c0426d4c70", "divisoes_dias.csv": "111d2d297cb37c7f8a25a52bcb37f9d3ecb78b62ed1d83f05384ebd258a1e31a", "diagnostico_seed_17.json": "acd7c8d78078970e96d757ba680f7302c46cecb706877e273caa484708722b98", "estabilidade_metricas.csv": "14babb2ee14fce291e4b35a4b430a0112c209f7ccae18b16aa0ed240ef7600a6", "diagnosticos.jsonl": "a1872c4499ac7cfdce45649528bdfca70fd789c3ed8531f3645c447964fc37d1", "busca.csv": "4d5f9ed678ec1216c279cec4f8bdfde19b4952ad9b61d289b822eaef3b0a0649", "modelo_seed_73.joblib": "a153741c230c8c1c7bf0f3e0aaf5e26f1b0ccf7d24a2880de5d47808751204b8", "diagnosticos_reajuste.json": "c678e7ded952ecf5563c06b77927585e44cb005f17e3b0d3fbb5292b45a28c7e", "divisoes_resumo.csv": "08fefc75fabc15ceb46d328580fafff9aedd4a55c124108b187f3d1922b0b5ef", "predicoes_seed_17.csv": "01e7c9fda50b0a51988427994225ec9a22f40439a3635526aab42b8a7689ad05", "modelo.joblib": "d59761ba8f900747c855721ccadacffc9e9427171a975ce15a6ba49ff05ef010", "predicoes_seed_73.csv": "3a2de03e5c4d27b41b2c663fdde21c264c6c536839d80e40b7e27f14ec753fff", "modelo_seed_17.joblib": "8ca6fbb04ba5dc719cc0320e44328371b8ed2383e76be730ce981204d31ec4ca"}}
BUSCA FINAL XGBoost 48 192
BUSCA FINAL XGBoost 60 192
BUSCA FINAL KRR 60 72
BUSCA FINAL XGBoost 72 192
BUSCA FINAL MLP 36 72
BUSCA FINAL XGBoost 84 192
BUSCA FINAL SVR 24 96
BUSCA FINAL XGBoost 96 192
BUSCA FINAL XGBoost 108 192
BUSCA FINAL KRR 72 72
BUSCA CRONO MLP 60 72
CONCLUIDO FINAL KRR {"rodada": "FINAL", "modelo": "KRR", "candidato": 65, "parametros": {"alpha": 2.568386730418734, "coef0": 1.0, "degree": 3, "gamma": 0.05718030235668149, "kernel": "polynomial"}, "RMSE_validacao": 1.449289187084718, "candidatos_validos": 72, "candidatos_total": 72, "semente_selecao": 42, "estabilidade": "deterministico", "artefatos": {"metricas_externas.csv": "465669cafa9d093327aad0e520a906e8eaade354a69e1d572ab492afe2c76add", "metricas_internas.csv": "51aaced90cff81ce629e7c49da0ac73bc827403f515f5a39b41f03b0f323f4cd", "divisoes_dias.csv": "0c3be00f7a656e02b8605c56f3c53eec20a9c1b1545f547f6306e0c6c3378062", "diagnosticos.jsonl": "5345f2e056bf65cffdc032ad4ad74fac5f68f4841a2d107742f842ed84971ac2", "busca.csv": "93e319217c90e860bf8e1d09e744a0d1c9385eea3459ca901d8eb2d11479c97d", "diagnosticos_reajuste.json": "09a1071ed25f99cc32a5c2e325009a25115acf80bda670b065a46fe2454f267f", "divisoes_resumo.csv": "4f8615764a02684add98fdcef0459323f36e90e4dee81ac85b9721fdc309c88d", "modelo.joblib": "5047092996aacb7f60af2041b28b3c2947e709387a68d663facf7f2fa7c8393c"}}
BUSCA FINAL XGBoost 120 192
BUSCA FINAL SVR 36 96
BUSCA FINAL XGBoost 132 192
BUSCA FINAL XGBoost 144 192
BUSCA FINAL XGBoost 156 192
BUSCA FINAL SVR 48 96
BUSCA FINAL XGBoost 168 192
BUSCA FINAL XGBoost 180 192
BUSCA FINAL XGBoost 192 192
CONCLUIDO FINAL XGBoost {"rodada": "FINAL", "modelo": "XGBoost", "candidato": 44, "parametros": {"colsample_bytree": 0.85, "learning_rate": 0.031950211734973935, "max_depth": 3, "min_child_weight": 16, "n_estimators": 200, "reg_alpha": 1.0, "reg_lambda": 0.849051908330512, "subsample": 0.7}, "RMSE_validacao": 1.4685376875023841, "candidatos_validos": 192, "candidatos_total": 192, "semente_selecao": 42, "estabilidade": "reajuste_com_parametros_fixos_nao_reselecao", "artefatos": {"metricas_externas.csv": "f0464805fb2b0257e141d1d9f3fa20c3be9d8651783a974fff0b0972b6f6f247", "diagnostico_seed_73.json": "9799d53a7c8ce01f134e17bdfca496a031a28c65ec06b312564e7aaa62e3a154", "metricas_internas.csv": "069ad7bc26d908a7e8bcb0655c2cf185a128b3917477ab3e7432279c925b8da3", "divisoes_dias.csv": "0c3be00f7a656e02b8605c56f3c53eec20a9c1b1545f547f6306e0c6c3378062", "diagnostico_seed_17.json": "4494349839e03c944589f68e1327aa518f70a1c0b61dc50a5f73b16ac21edbc7", "estabilidade_metricas.csv": "27747a37c4a5b4d55c0242effb9f81f1e6f8a4588a37491f8cd8f835b031c522", "diagnosticos.jsonl": "35afa66cb09cf0420db7f79350473ce98e3ed9b4a0f3adeb7d9992f6afe844c1", "busca.csv": "cbcb04f5f185b015cad2ab7d54864146f2532c8d62656e2d98ebc1a3d685bf0e", "modelo_seed_73.joblib": "de01bbc72d2b85296be1be110035ae674f7ef7f79bfb9896165d6f10e14a69a9", "diagnosticos_reajuste.json": "7db56b19b164fe687d81a4b5a9fd03a40e9afdd3502aa5de5e6bb4cd9b93b279", "divisoes_resumo.csv": "4f8615764a02684add98fdcef0459323f36e90e4dee81ac85b9721fdc309c88d", "modelo.joblib": "6009e2e84a75ceaab54655d26bda267d71aab3f4168cd61733cbf41402f0f108", "modelo_seed_17.joblib": "fe6d01829465e2df92bf5e12844774241456e11fc8bf13cd6846d2d4e5330545"}}
BUSCA FINAL SVR 60 96
BUSCA CRONO MLP 72 72
BUSCA FINAL MLP 48 72
CONCLUIDO CRONO MLP {"rodada": "CRONO", "modelo": "MLP", "candidato": 58, "parametros": {"activation": "relu", "alpha": 0.5086293407417938, "batch_size": 128, "hidden_layer_sizes": [5, 5, 5], "learning_rate_init": 0.006299039827891706}, "RMSE_validacao": 1.458929142868955, "candidatos_validos": 72, "candidatos_total": 72, "semente_selecao": 42, "estabilidade": "reajuste_com_parametros_fixos_nao_reselecao", "artefatos": {"metricas_externas.csv": "9881f3581fa7f9ed05b983640a9798c9dce8f5d03e6a61efb400b8a12bed4094", "diagnostico_seed_73.json": "35cb1d7bc0ec03395a5e6c178f0417caf0820667acc9df1ceb00cb6ed4f84a1c", "metricas_internas.csv": "67804671e2806f4930cdad5dfa4c1b0a2512c7d7e5d0d0aafe7856883421bba2", "predicoes_teste.csv": "e5364cc28f019c04b2eab53fec2e0510db27aa8902df9a4ccf05e2647b331643", "divisoes_dias.csv": "b2b8c856dbab2bbcb80afebabfa1e7eda68755f6830d5d92eef31adccbcea832", "diagnostico_seed_17.json": "f3519ba2304417cb17da9f5a3c7f52d1cfe8b09826540b16187de8950b36a234", "estabilidade_metricas.csv": "fbd83a08c756dae37f1201ea3299fe19a50021bc39259cf8d096c0aa7b09a6e6", "diagnosticos.jsonl": "8d62e243b323a7ab20c58dab565477d4a96ce2e72d00121a0a3d375dd6250222", "busca.csv": "67757a4e1374db0a06aca955c1b5dea645f9cd69bd1c98e6b16b1fa95f20038c", "modelo_seed_73.joblib": "02f9e56492889ddf7e88f3af4b5b6d5cb56698120c83c581cbfea714d5c57eb2", "diagnosticos_reajuste.json": "8a86f73a32b63cc3ba0bba64cf0b0d68b219cab6385671953b3bc47f3b321497", "divisoes_resumo.csv": "5d2d44b32676334327152963629cfd3c4a2d3f7ad730570cbb2a6ab827c4673a", "predicoes_seed_17.csv": "2b10b44c363619e04acc6b22edee7472b8282521080edf81777855aad044b171", "modelo.joblib": "26ab0639e339f0c004ff6df28a19bedba9f5ea943e8e5fba3364b4034b9e2c1d", "predicoes_seed_73.csv": "ce3c9ba9b4d1673d8a4787c33da6d6a1c82782519667dc2a1b77dd45dd32a104", "modelo_seed_17.joblib": "06a80e706dad85ddc690c48f7e4b17d68f4383868d1360ce4c8fe89500d9dcbd"}}
BUSCA FINAL SVR 72 96
BUSCA FINAL SVR 84 96
BUSCA FINAL MLP 60 72
BUSCA FINAL SVR 96 96
CONCLUIDO FINAL SVR {"rodada": "FINAL", "modelo": "SVR", "candidato": 32, "parametros": {"C": 34.82675727581821, "epsilon": 0.6973941757037488, "gamma": 0.015062483652633225, "kernel": "rbf"}, "RMSE_validacao": 1.4313388065388553, "candidatos_validos": 96, "candidatos_total": 96, "semente_selecao": 42, "estabilidade": "deterministico", "artefatos": {"metricas_externas.csv": "cc1390e01da454875e473da666bc76cbdc01a66976c423c916a5c1c6ee9e7400", "metricas_internas.csv": "06fc8a2f2eda86405607bef66a2dea6a49bd7899e1e747e7ae98f35f5bd06a6f", "divisoes_dias.csv": "0c3be00f7a656e02b8605c56f3c53eec20a9c1b1545f547f6306e0c6c3378062", "diagnosticos.jsonl": "7c8e385b41f15dba2d0ad90a6bf4ed11221b18af70f04c2bbf7250c88fa9576c", "busca.csv": "4e6036c83eb6d32214ea48b48b88a9e63243b39de41feb82945b5f0cc5f87715", "diagnosticos_reajuste.json": "cc70ead9ce36cc6dd7ac487cd6acb1fa4220e3ec3b17217e65ad684645395d40", "divisoes_resumo.csv": "4f8615764a02684add98fdcef0459323f36e90e4dee81ac85b9721fdc309c88d", "modelo.joblib": "85b3875abe6d82442f1f07256bdef059acfeb248f642396d434c2999363bd695"}}
BUSCA FINAL MLP 72 72
CONCLUIDO FINAL MLP {"rodada": "FINAL", "modelo": "MLP", "candidato": 2, "parametros": {"hidden_layer_sizes": [5, 5], "alpha": 0.1, "learning_rate_init": 0.001, "batch_size": "auto", "activation": "relu"}, "RMSE_validacao": 1.4266145278629452, "candidatos_validos": 72, "candidatos_total": 72, "semente_selecao": 42, "estabilidade": "reajuste_com_parametros_fixos_nao_reselecao", "artefatos": {"metricas_externas.csv": "1190752f9f42e743db15b34fb57a6068b0e7fc579caae501431447e3d98f1af3", "diagnostico_seed_73.json": "5594f1b50ba02a13bf715590e9c4eabbefd857e76f3b21ef444577254716852b", "metricas_internas.csv": "a6da3fa9591bcab5d8ba1d45f790aba7d98e9a508f588127eb028331a44f2682", "divisoes_dias.csv": "0c3be00f7a656e02b8605c56f3c53eec20a9c1b1545f547f6306e0c6c3378062", "diagnostico_seed_17.json": "ebe39fd50c265590407f02c3b7394fb5c1ae72f65db94f8112010a9859063c7d", "estabilidade_metricas.csv": "6b6756cea11706d84618a49f37aa32a8d8124f6cee674c127666d0b7b4b3301d", "diagnosticos.jsonl": "314cae7ddf9c3e77024f71713cfe807b037f4bca6f7586387be8f947764dcf62", "busca.csv": "c8d60fbeebdcb98a4775cdf198a112768d198c4bca5035f87320a76a1dd8fbba", "modelo_seed_73.joblib": "d044db55b324fda9421b3662abd5ca1b4975411409c8a9ebc1bd53aaf5396d96", "diagnosticos_reajuste.json": "56b49dada7a0f088d016ce18960e407dfcc6c0237ea0c6e6e81f2c4669bc328e", "divisoes_resumo.csv": "4f8615764a02684add98fdcef0459323f36e90e4dee81ac85b9721fdc309c88d", "modelo.joblib": "06c7f07b481dbe6d5252355de5f1585470ac5e49e4304a0ebd30de8f1523c8ee", "modelo_seed_17.joblib": "1e484b0bd492dc2f3da41afe19fcb61afe0e23ff752442ed22c97984e794f99b"}}
         modelo  RMSE_kWh  MAE_kWh       R2
            KRR  1.338358 1.106049 0.635167
            MLP  1.349393 1.115259 0.629127
            SVR  1.333209 1.115247 0.637969
        XGBoost  1.361953 1.138413 0.622190
Persistencia24h  1.709774 1.180284 0.404576
EXECUCAO COMPLETA 650.325028181076
